<?xml version="1.0" encoding="utf-8"?>
<TestRun id="46524636-de6a-4e2c-8d51-f0c72b05ef32" name="Al.Farhadi@AL-FARHADI-L 2026-09-18 00:45:55" runUser="ALIBABA\Al.Farhadi" xmlns="http://microsoft.com/schemas/VisualStudio/TeamTest/2010">
  <Times creation="2026-09-18T00:45:55.8560282+03:30" queuing="2026-09-18T00:45:55.8560288+03:30" start="2026-09-18T00:45:53.4799434+03:30" finish="2026-09-18T00:45:56.1018681+03:30" />
  <TestSettings name="default" id="c4a59cab-efc1-4971-92e0-165073bebd43">
    <Deployment runDeploymentRoot="Al.Farhadi_AL-FARHADI-L_2026-09-18_00_45_55" />
  </TestSettings>
  <Results>
    <UnitTestResult executionId="8188892f-5027-4bfc-b2c5-5b81e65fa02a" testId="01ed7f4c-4266-162f-3cf3-b0e246336d3d" testName="AeroTech.Ordering.Domain.Tests.OrderAggregate.PricingArithmeticTests.Pack_pricing_vectors(debits: [&quot;120.00&quot;, &quot;150.00&quot;], credits: [&quot;120.00&quot;], settlementDebits: [], expected: &quot;150.00&quot;)" computerName="AL-FARHADI-L" duration="00:00:00.0001831" startTime="2026-09-18T00:45:55.7788908+03:30" endTime="2026-09-18T00:45:55.7788909+03:30" testType="13cdc9d9-ddb5-4fa4-a97d-d965ccfc6d4b" outcome="Passed" testListId="8c84fa94-04c1-424b-9868-57a2d4851a1d" relativeResultsDirectory="8188892f-5027-4bfc-b2c5-5b81e65fa02a" />
    <UnitTestResult executionId="b78e3431-5d4b-4d28-92df-25405622e2ff" testId="d992d755-a5c5-77a5-8fd9-1c1ba04d9765" testName="AeroTech.Ordering.Domain.Tests.OrderPreparationAggregate.CandidateCanonicalFormTests.Floating_point_amount_is_rejected" computerName="AL-FARHADI-L" duration="00:00:00.0015988" startTime="2026-09-18T00:45:55.7898033+03:30" endTime="2026-09-18T00:45:55.7898034+03:30" testType="13cdc9d9-ddb5-4fa4-a97d-d965ccfc6d4b" outcome="Passed" testListId="8c84fa94-04c1-424b-9868-57a2d4851a1d" relativeResultsDirectory="b78e3431-5d4b-4d28-92df-25405622e2ff" />
    <UnitTestResult executionId="50fa7a9b-7088-4b92-8669-f6091d4cc717" testId="de6ed085-c4e3-c02f-2ae6-8a4d000ea37a" testName="AeroTech.Ordering.Domain.Tests.OrderAggregate.PricingArithmeticTests.Pack_pricing_vectors(debits: [&quot;120.00&quot;, &quot;30.00&quot;], credits: [], settlementDebits: [], expected: &quot;150.00&quot;)" computerName="AL-FARHADI-L" duration="00:00:00.0000261" startTime="2026-09-18T00:45:55.7789557+03:30" endTime="2026-09-18T00:45:55.7789558+03:30" testType="13cdc9d9-ddb5-4fa4-a97d-d965ccfc6d4b" outcome="Passed" testListId="8c84fa94-04c1-424b-9868-57a2d4851a1d" relativeResultsDirectory="50fa7a9b-7088-4b92-8669-f6091d4cc717" />
    <UnitTestResult executionId="4b32d766-aa2e-4f7d-8699-5aa59df38f9e" testId="0a9b0b5c-c991-e098-2470-fd761314001b" testName="AeroTech.Ordering.Domain.Tests.OrderAggregate.AcceptOriginalSaleTests.Technical_stop_keeps_one_service_and_two_legs" computerName="AL-FARHADI-L" duration="00:00:00.0063577" startTime="2026-09-18T00:45:55.8660126+03:30" endTime="2026-09-18T00:45:55.8660132+03:30" testType="13cdc9d9-ddb5-4fa4-a97d-d965ccfc6d4b" outcome="Passed" testListId="8c84fa94-04c1-424b-9868-57a2d4851a1d" relativeResultsDirectory="4b32d766-aa2e-4f7d-8699-5aa59df38f9e" />
    <UnitTestResult executionId="9f92e418-6e74-49c6-aeeb-e6ebb4d5f370" testId="28438603-63f7-ed07-acc5-ee303f30e179" testName="AeroTech.Ordering.Domain.Tests.OrderAggregate.DeadlinePolicyTests.Independent_deadlines_keep_their_owners_and_the_earliest_is_only_a_display" computerName="AL-FARHADI-L" duration="00:00:00.0244546" startTime="2026-09-18T00:45:55.7849528+03:30" endTime="2026-09-18T00:45:55.7849528+03:30" testType="13cdc9d9-ddb5-4fa4-a97d-d965ccfc6d4b" outcome="Passed" testListId="8c84fa94-04c1-424b-9868-57a2d4851a1d" relativeResultsDirectory="9f92e418-6e74-49c6-aeeb-e6ebb4d5f370" />
    <UnitTestResult executionId="bf9073ea-6706-44da-a388-50daeb945ee1" testId="4b5797ab-e9ab-5a99-fb6c-9f3a149ca560" testName="AeroTech.Ordering.Domain.Tests.OrderAggregate.PricingArithmeticTests.Commission_as_settlement_only_is_allowed_and_as_customer_charge_is_not" computerName="AL-FARHADI-L" duration="00:00:00.0006621" startTime="2026-09-18T00:45:55.7848352+03:30" endTime="2026-09-18T00:45:55.7848354+03:30" testType="13cdc9d9-ddb5-4fa4-a97d-d965ccfc6d4b" outcome="Passed" testListId="8c84fa94-04c1-424b-9868-57a2d4851a1d" relativeResultsDirectory="bf9073ea-6706-44da-a388-50daeb945ee1" />
    <UnitTestResult executionId="67af37d7-e1be-453b-a748-70c77443f6e5" testId="2c0a6c36-f065-3de3-de58-dad4b1fa36e5" testName="AeroTech.Ordering.Domain.Tests.OrderAggregate.AcceptOriginalSaleTests.Incomplete_or_inconsistent_traveler_binding_is_rejected(defect: &quot;type&quot;)" computerName="AL-FARHADI-L" duration="00:00:00.0007772" startTime="2026-09-18T00:45:55.7884676+03:30" endTime="2026-09-18T00:45:55.7884677+03:30" testType="13cdc9d9-ddb5-4fa4-a97d-d965ccfc6d4b" outcome="Passed" testListId="8c84fa94-04c1-424b-9868-57a2d4851a1d" relativeResultsDirectory="67af37d7-e1be-453b-a748-70c77443f6e5" />
    <UnitTestResult executionId="243e8737-e729-43d5-aebe-7899ef8c1443" testId="61a18973-c0c6-d844-f174-20da5c2f0642" testName="AeroTech.Ordering.Domain.Tests.OrderAggregate.AcceptOriginalSaleTests.Sale_equivalent_is_the_customer_value_and_original_currency_is_retained" computerName="AL-FARHADI-L" duration="00:00:00.0042996" startTime="2026-09-18T00:45:55.8004508+03:30" endTime="2026-09-18T00:45:55.8004513+03:30" testType="13cdc9d9-ddb5-4fa4-a97d-d965ccfc6d4b" outcome="Passed" testListId="8c84fa94-04c1-424b-9868-57a2d4851a1d" relativeResultsDirectory="243e8737-e729-43d5-aebe-7899ef8c1443" />
    <UnitTestResult executionId="4bd10345-4af4-43c0-9c54-639cbf7f9f36" testId="08ccf59c-7d70-bfe5-1266-854e67dfe7d1" testName="AeroTech.Ordering.Domain.Tests.OrderPreparationAggregate.OrderPreparationTests.Digest_binds_the_authorized_scope_as_well_as_the_candidate" computerName="AL-FARHADI-L" duration="00:00:00.1915183" startTime="2026-09-18T00:45:55.7881308+03:30" endTime="2026-09-18T00:45:55.7881309+03:30" testType="13cdc9d9-ddb5-4fa4-a97d-d965ccfc6d4b" outcome="Passed" testListId="8c84fa94-04c1-424b-9868-57a2d4851a1d" relativeResultsDirectory="4bd10345-4af4-43c0-9c54-639cbf7f9f36" />
    <UnitTestResult executionId="43b2344b-8b77-4fdc-93f6-b19e3745db2e" testId="60676acc-5956-558c-3eff-3388ad72c412" testName="AeroTech.Ordering.Domain.Tests.OrderAggregate.PricingArithmeticTests.Pack_pricing_vectors(debits: [&quot;400.00&quot;, &quot;50.00&quot;], credits: [&quot;45.00&quot;], settlementDebits: [&quot;20.00&quot;], expected: &quot;405.00&quot;)" computerName="AL-FARHADI-L" duration="00:00:00.0007808" startTime="2026-09-18T00:45:55.7782671+03:30" endTime="2026-09-18T00:45:55.7782672+03:30" testType="13cdc9d9-ddb5-4fa4-a97d-d965ccfc6d4b" outcome="Passed" testListId="8c84fa94-04c1-424b-9868-57a2d4851a1d" relativeResultsDirectory="43b2344b-8b77-4fdc-93f6-b19e3745db2e" />
    <UnitTestResult executionId="9c2b2188-b79a-4dca-98fe-310ad8f41d20" testId="bda20832-926a-8abc-8bcd-c1d03897c53f" testName="AeroTech.Ordering.Domain.Tests.OrderPreparationAggregate.OrderPreparationTests.Owner_bound_acceptance_needs_known_validity" computerName="AL-FARHADI-L" duration="00:00:00.0022402" startTime="2026-09-18T00:45:55.7922843+03:30" endTime="2026-09-18T00:45:55.7922844+03:30" testType="13cdc9d9-ddb5-4fa4-a97d-d965ccfc6d4b" outcome="Passed" testListId="8c84fa94-04c1-424b-9868-57a2d4851a1d" relativeResultsDirectory="9c2b2188-b79a-4dca-98fe-310ad8f41d20" />
    <UnitTestResult executionId="17e1ce08-e832-4806-bc32-b9f2e2c96c64" testId="cd10268d-7b86-1836-45ba-81df4bb90d03" testName="AeroTech.Ordering.Domain.Tests.OrderPreparationAggregate.CandidateValidatorTests.Amount_beyond_storage_scale_is_rejected_not_rounded" computerName="AL-FARHADI-L" duration="00:00:00.0014453" startTime="2026-09-18T00:45:55.7917645+03:30" endTime="2026-09-18T00:45:55.7917647+03:30" testType="13cdc9d9-ddb5-4fa4-a97d-d965ccfc6d4b" outcome="Passed" testListId="8c84fa94-04c1-424b-9868-57a2d4851a1d" relativeResultsDirectory="17e1ce08-e832-4806-bc32-b9f2e2c96c64" />
    <UnitTestResult executionId="8756e288-8815-4695-946a-5fa70759cb9a" testId="66fd78b7-fd6e-87d7-464c-de06c8b775b6" testName="AeroTech.Ordering.Domain.Tests.OrderAggregate.AcceptOriginalSaleTests.Incomplete_or_inconsistent_traveler_binding_is_rejected(defect: &quot;foreign&quot;)" computerName="AL-FARHADI-L" duration="00:00:00.0008024" startTime="2026-09-18T00:45:55.7885281+03:30" endTime="2026-09-18T00:45:55.7885282+03:30" testType="13cdc9d9-ddb5-4fa4-a97d-d965ccfc6d4b" outcome="Passed" testListId="8c84fa94-04c1-424b-9868-57a2d4851a1d" relativeResultsDirectory="8756e288-8815-4695-946a-5fa70759cb9a" />
    <UnitTestResult executionId="675a3608-17f6-4741-998d-01aa1aa80884" testId="e530032b-5b1d-aed6-013a-c4bc07d0b52b" testName="AeroTech.Ordering.Domain.Tests.OrderAggregate.AcceptOriginalSaleTests.Opaque_context_is_retained_without_invented_links" computerName="AL-FARHADI-L" duration="00:00:00.0034613" startTime="2026-09-18T00:45:55.8681992+03:30" endTime="2026-09-18T00:45:55.8681996+03:30" testType="13cdc9d9-ddb5-4fa4-a97d-d965ccfc6d4b" outcome="Passed" testListId="8c84fa94-04c1-424b-9868-57a2d4851a1d" relativeResultsDirectory="675a3608-17f6-4741-998d-01aa1aa80884" />
    <UnitTestResult executionId="a958b1c3-c00e-4db8-aa2a-5c160cd07972" testId="dce4b8e3-619a-5f9f-90de-b9b172ca7f6a" testName="AeroTech.Ordering.Domain.Tests.OrderPreparationAggregate.CandidateValidatorTests.Candidate_for_another_customer_is_rejected" computerName="AL-FARHADI-L" duration="00:00:00.0008095" startTime="2026-09-18T00:45:55.7899470+03:30" endTime="2026-09-18T00:45:55.7899472+03:30" testType="13cdc9d9-ddb5-4fa4-a97d-d965ccfc6d4b" outcome="Passed" testListId="8c84fa94-04c1-424b-9868-57a2d4851a1d" relativeResultsDirectory="a958b1c3-c00e-4db8-aa2a-5c160cd07972" />
    <UnitTestResult executionId="0fc15a69-d5e6-402c-b2fa-743f4dec37a3" testId="976671ad-f9f7-6c1b-16f4-d23697ca287d" testName="AeroTech.Ordering.Domain.Tests.OrderAggregate.PricingArithmeticTests.Reversal_beyond_the_original_or_with_same_direction_is_rejected" computerName="AL-FARHADI-L" duration="00:00:00.0153974" startTime="2026-09-18T00:45:55.7845185+03:30" endTime="2026-09-18T00:45:55.7845186+03:30" testType="13cdc9d9-ddb5-4fa4-a97d-d965ccfc6d4b" outcome="Passed" testListId="8c84fa94-04c1-424b-9868-57a2d4851a1d" relativeResultsDirectory="0fc15a69-d5e6-402c-b2fa-743f4dec37a3" />
    <UnitTestResult executionId="96189ccd-1582-485e-9d60-03a077cd6751" testId="49097328-edc4-510c-1c0a-2071fc656c57" testName="AeroTech.Ordering.Domain.Tests.OrderAggregate.AcceptOriginalSaleTests.Extended_group_line_is_stored_once_with_quantity_metadata" computerName="AL-FARHADI-L" duration="00:00:00.0032539" startTime="2026-09-18T00:45:55.8610099+03:30" endTime="2026-09-18T00:45:55.8610104+03:30" testType="13cdc9d9-ddb5-4fa4-a97d-d965ccfc6d4b" outcome="Passed" testListId="8c84fa94-04c1-424b-9868-57a2d4851a1d" relativeResultsDirectory="96189ccd-1582-485e-9d60-03a077cd6751" />
    <UnitTestResult executionId="b5a93e48-ab0f-4b61-8755-df5bb8edec7f" testId="4b8f1e45-b8af-fb62-b13c-ca82d62c96a5" testName="AeroTech.Ordering.Domain.Tests.OrderPreparationAggregate.CandidateValidatorTests.Reference_one_way_candidate_is_valid" computerName="AL-FARHADI-L" duration="00:00:00.0004769" startTime="2026-09-18T00:45:55.7919208+03:30" endTime="2026-09-18T00:45:55.7919210+03:30" testType="13cdc9d9-ddb5-4fa4-a97d-d965ccfc6d4b" outcome="Passed" testListId="8c84fa94-04c1-424b-9868-57a2d4851a1d" relativeResultsDirectory="b5a93e48-ab0f-4b61-8755-df5bb8edec7f" />
    <UnitTestResult executionId="173ba7a5-9e49-4470-81b1-699fd22b2a30" testId="20eb1168-18ae-2eca-d25f-c7e3f17c6b5f" testName="AeroTech.Ordering.Domain.Tests.OrderPreparationAggregate.OrderPreparationTests.Sandbox_candidate_keeps_not_supplied_validity_and_reports_live_acceptance_blocked" computerName="AL-FARHADI-L" duration="00:00:00.0080860" startTime="2026-09-18T00:45:55.7924141+03:30" endTime="2026-09-18T00:45:55.7924142+03:30" testType="13cdc9d9-ddb5-4fa4-a97d-d965ccfc6d4b" outcome="Passed" testListId="8c84fa94-04c1-424b-9868-57a2d4851a1d" relativeResultsDirectory="173ba7a5-9e49-4470-81b1-699fd22b2a30" />
    <UnitTestResult executionId="540946d7-5823-4435-86cb-2a16470cea4e" testId="bb1e09c3-0118-8d07-1716-8b89cbee2d36" testName="AeroTech.Ordering.Domain.Tests.OrderPreparationAggregate.OrderPreparationTests.Digest_mismatch_and_second_consumption_are_conflicts" computerName="AL-FARHADI-L" duration="00:00:00.0102825" startTime="2026-09-18T00:45:55.7921437+03:30" endTime="2026-09-18T00:45:55.7921439+03:30" testType="13cdc9d9-ddb5-4fa4-a97d-d965ccfc6d4b" outcome="Passed" testListId="8c84fa94-04c1-424b-9868-57a2d4851a1d" relativeResultsDirectory="540946d7-5823-4435-86cb-2a16470cea4e" />
    <UnitTestResult executionId="02949f0c-32e6-48c4-a624-c6ff0a7b3384" testId="33d70ecf-ba20-56b0-23f2-380ecc30073f" testName="AeroTech.Ordering.Domain.Tests.OrderPreparationAggregate.CandidateCanonicalFormTests.Pack_example_candidate_digest_is_reproduced_by_the_canonical_form" computerName="AL-FARHADI-L" duration="00:00:00.1932861" startTime="2026-09-18T00:45:55.7883809+03:30" endTime="2026-09-18T00:45:55.7883811+03:30" testType="13cdc9d9-ddb5-4fa4-a97d-d965ccfc6d4b" outcome="Passed" testListId="8c84fa94-04c1-424b-9868-57a2d4851a1d" relativeResultsDirectory="02949f0c-32e6-48c4-a624-c6ff0a7b3384" />
    <UnitTestResult executionId="543a961a-fea0-4c2b-bbd5-c148828afa65" testId="aa23dac7-5556-1748-f46b-6cfa0068095e" testName="AeroTech.Ordering.Domain.Tests.OrderAggregate.PricingArithmeticTests.Representation_overflow_is_rejected" computerName="AL-FARHADI-L" duration="00:00:00.0079244" startTime="2026-09-18T00:45:55.6575302+03:30" endTime="2026-09-18T00:45:55.6575310+03:30" testType="13cdc9d9-ddb5-4fa4-a97d-d965ccfc6d4b" outcome="Passed" testListId="8c84fa94-04c1-424b-9868-57a2d4851a1d" relativeResultsDirectory="543a961a-fea0-4c2b-bbd5-c148828afa65" />
    <UnitTestResult executionId="2e5ea30f-dbbf-4100-bb92-45cd37ad89dc" testId="d62da5ef-1533-1a0b-c40c-0b028fd97a57" testName="AeroTech.Ordering.Domain.Tests.OrderAggregate.AcceptOriginalSaleTests.Source_priced_package_for_two_travelers_and_two_segments_is_one_item_with_four_services" computerName="AL-FARHADI-L" duration="00:00:00.0190548" startTime="2026-09-18T00:45:55.8887119+03:30" endTime="2026-09-18T00:45:55.8887126+03:30" testType="13cdc9d9-ddb5-4fa4-a97d-d965ccfc6d4b" outcome="Passed" testListId="8c84fa94-04c1-424b-9868-57a2d4851a1d" relativeResultsDirectory="2e5ea30f-dbbf-4100-bb92-45cd37ad89dc" />
    <UnitTestResult executionId="74eb5645-61ba-453e-b441-945eef8cb9f2" testId="4793c001-460e-ab34-a216-949483ea50b2" testName="AeroTech.Ordering.Domain.Tests.OrderAggregate.AcceptOriginalSaleTests.Infant_guardian_is_linked_to_the_same_order_traveler" computerName="AL-FARHADI-L" duration="00:00:00.0461001" startTime="2026-09-18T00:45:55.7930818+03:30" endTime="2026-09-18T00:45:55.7930821+03:30" testType="13cdc9d9-ddb5-4fa4-a97d-d965ccfc6d4b" outcome="Passed" testListId="8c84fa94-04c1-424b-9868-57a2d4851a1d" relativeResultsDirectory="74eb5645-61ba-453e-b441-945eef8cb9f2" />
    <UnitTestResult executionId="0b138cc8-3e25-4dee-8e48-8a61c1048a14" testId="00e00d91-ad41-976c-7f44-e574c5f70870" testName="AeroTech.Ordering.Domain.Tests.OrderAggregate.AcceptOriginalSaleTests.One_traveler_one_segment_package_creates_one_item_one_service_total_120_versions_1" computerName="AL-FARHADI-L" duration="00:00:00.0347192" startTime="2026-09-18T00:45:55.8353464+03:30" endTime="2026-09-18T00:45:55.8353469+03:30" testType="13cdc9d9-ddb5-4fa4-a97d-d965ccfc6d4b" outcome="Passed" testListId="8c84fa94-04c1-424b-9868-57a2d4851a1d" relativeResultsDirectory="0b138cc8-3e25-4dee-8e48-8a61c1048a14" />
    <UnitTestResult executionId="06c6635f-d4c4-4ce4-9e8d-23842c1a5af6" testId="d6795c76-9d09-23fe-a46e-d90b37c03462" testName="AeroTech.Ordering.Domain.Tests.OrderPreparationAggregate.CandidateValidatorTests.Pack_negative_examples_are_rejected_with_their_rule" computerName="AL-FARHADI-L" duration="00:00:00.0757773" startTime="2026-09-18T00:45:55.7896374+03:30" endTime="2026-09-18T00:45:55.7896376+03:30" testType="13cdc9d9-ddb5-4fa4-a97d-d965ccfc6d4b" outcome="Passed" testListId="8c84fa94-04c1-424b-9868-57a2d4851a1d" relativeResultsDirectory="06c6635f-d4c4-4ce4-9e8d-23842c1a5af6" />
    <UnitTestResult executionId="fc223d80-e2ac-448d-aa19-0710e9f8d023" testId="e19682da-2fea-24e3-ed7f-3258df8ea80c" testName="AeroTech.Ordering.Domain.Tests.OrderPreparationAggregate.CandidateCanonicalFormTests.Property_outside_the_candidate_contract_is_rejected" computerName="AL-FARHADI-L" duration="00:00:00.0009561" startTime="2026-09-18T00:45:55.7904599+03:30" endTime="2026-09-18T00:45:55.7904600+03:30" testType="13cdc9d9-ddb5-4fa4-a97d-d965ccfc6d4b" outcome="Passed" testListId="8c84fa94-04c1-424b-9868-57a2d4851a1d" relativeResultsDirectory="fc223d80-e2ac-448d-aa19-0710e9f8d023" />
    <UnitTestResult executionId="29f6bfa5-a4fe-45b2-8602-bec09e359b74" testId="69c7ec67-410d-bf13-b805-6fca05fd388f" testName="AeroTech.Ordering.Domain.Tests.OrderAggregate.PricingArithmeticTests.Allocation_attributes_value_and_never_adds_money" computerName="AL-FARHADI-L" duration="00:00:00.0673659" startTime="2026-09-18T00:45:55.6318276+03:30" endTime="2026-09-18T00:45:55.6325307+03:30" testType="13cdc9d9-ddb5-4fa4-a97d-d965ccfc6d4b" outcome="Passed" testListId="8c84fa94-04c1-424b-9868-57a2d4851a1d" relativeResultsDirectory="29f6bfa5-a4fe-45b2-8602-bec09e359b74" />
    <UnitTestResult executionId="36b9b809-7cd4-41e2-b764-8f4c22bdf4a7" testId="7db3a191-2462-91a0-3386-d016f26e3c86" testName="AeroTech.Ordering.Domain.Tests.OrderAggregate.PricingArithmeticTests.Complete_allocation_must_reconcile_and_partial_cannot_exceed" computerName="AL-FARHADI-L" duration="00:00:00.0018747" startTime="2026-09-18T00:45:55.7846677+03:30" endTime="2026-09-18T00:45:55.7846678+03:30" testType="13cdc9d9-ddb5-4fa4-a97d-d965ccfc6d4b" outcome="Passed" testListId="8c84fa94-04c1-424b-9868-57a2d4851a1d" relativeResultsDirectory="36b9b809-7cd4-41e2-b764-8f4c22bdf4a7" />
    <UnitTestResult executionId="012dad01-7fe1-4285-954f-a40467f478b9" testId="3a492720-4196-57e8-a1c8-a610f92d71e5" testName="AeroTech.Ordering.Domain.Tests.OrderPreparationAggregate.CandidateValidatorTests.Commission_cannot_be_a_customer_charge" computerName="AL-FARHADI-L" duration="00:00:00.0010127" startTime="2026-09-18T00:45:55.7901080+03:30" endTime="2026-09-18T00:45:55.7901081+03:30" testType="13cdc9d9-ddb5-4fa4-a97d-d965ccfc6d4b" outcome="Passed" testListId="8c84fa94-04c1-424b-9868-57a2d4851a1d" relativeResultsDirectory="012dad01-7fe1-4285-954f-a40467f478b9" />
    <UnitTestResult executionId="682f7f26-cd90-4af7-a269-5597947d5223" testId="961300e9-8d6b-c93f-2c83-9fb54ece2029" testName="AeroTech.Ordering.Domain.Tests.OrderAggregate.PricingArithmeticTests.Pack_pricing_vectors(debits: [&quot;400.00&quot;, &quot;50.00&quot;, &quot;45.00&quot;], credits: [&quot;45.00&quot;], settlementDebits: [&quot;20.00&quot;], expected: &quot;450.00&quot;)" computerName="AL-FARHADI-L" duration="00:00:00.0030687" startTime="2026-09-18T00:45:55.6576815+03:30" endTime="2026-09-18T00:45:55.6576816+03:30" testType="13cdc9d9-ddb5-4fa4-a97d-d965ccfc6d4b" outcome="Passed" testListId="8c84fa94-04c1-424b-9868-57a2d4851a1d" relativeResultsDirectory="682f7f26-cd90-4af7-a269-5597947d5223" />
    <UnitTestResult executionId="092182de-879c-46ec-8657-77ea408914ec" testId="4975ee99-882d-437c-1c13-75395af9d413" testName="AeroTech.Ordering.Domain.Tests.OrderPreparationAggregate.CandidateValidatorTests.Air_service_with_two_segments_is_rejected" computerName="AL-FARHADI-L" duration="00:00:00.0020228" startTime="2026-09-18T00:45:55.7840917+03:30" endTime="2026-09-18T00:45:55.7840919+03:30" testType="13cdc9d9-ddb5-4fa4-a97d-d965ccfc6d4b" outcome="Passed" testListId="8c84fa94-04c1-424b-9868-57a2d4851a1d" relativeResultsDirectory="092182de-879c-46ec-8657-77ea408914ec" />
    <UnitTestResult executionId="f498ac2b-d09a-4b7f-b1cf-21f97c092098" testId="910589d6-9d6b-5bfa-8dfc-7d6b6a1c0d79" testName="AeroTech.Ordering.Domain.Tests.OrderAggregate.DeadlinePolicyTests.Each_fact_expires_at_its_own_instant" computerName="AL-FARHADI-L" duration="00:00:00.1060096" startTime="2026-09-18T00:45:55.7791015+03:30" endTime="2026-09-18T00:45:55.7791016+03:30" testType="13cdc9d9-ddb5-4fa4-a97d-d965ccfc6d4b" outcome="Passed" testListId="8c84fa94-04c1-424b-9868-57a2d4851a1d" relativeResultsDirectory="f498ac2b-d09a-4b7f-b1cf-21f97c092098" />
    <UnitTestResult executionId="3acec5fb-dcb4-4d6c-9f11-e930e014293e" testId="dd65a0c3-6a88-b0d1-98c5-e66f20b8ba8d" testName="AeroTech.Ordering.Domain.Tests.OrderAggregate.PricingArithmeticTests.Pack_pricing_vectors(debits: [&quot;120.00&quot;, &quot;10.00&quot;], credits: [&quot;50.00&quot;], settlementDebits: [], expected: &quot;80.00&quot;)" computerName="AL-FARHADI-L" duration="00:00:00.0000165" startTime="2026-09-18T00:45:55.7790308+03:30" endTime="2026-09-18T00:45:55.7790309+03:30" testType="13cdc9d9-ddb5-4fa4-a97d-d965ccfc6d4b" outcome="Passed" testListId="8c84fa94-04c1-424b-9868-57a2d4851a1d" relativeResultsDirectory="3acec5fb-dcb4-4d6c-9f11-e930e014293e" />
    <UnitTestResult executionId="33c4396f-595a-40ce-bc1c-60cc0a9d4654" testId="01f3c4e2-92b9-005d-8e35-27d19dab7c15" testName="AeroTech.Ordering.Domain.Tests.OrderPreparationAggregate.OrderPreparationTests.Sandbox_profile_is_refused_where_the_deployment_does_not_permit_it" computerName="AL-FARHADI-L" duration="00:00:00.0064540" startTime="2026-09-18T00:45:55.7903321+03:30" endTime="2026-09-18T00:45:55.7903323+03:30" testType="13cdc9d9-ddb5-4fa4-a97d-d965ccfc6d4b" outcome="Passed" testListId="8c84fa94-04c1-424b-9868-57a2d4851a1d" relativeResultsDirectory="33c4396f-595a-40ce-bc1c-60cc0a9d4654" />
    <UnitTestResult executionId="5116f6fc-d40c-495c-954d-1cc056afaf64" testId="e4ac66cf-899a-5077-b367-22ba38647025" testName="AeroTech.Ordering.Domain.Tests.OrderAggregate.AcceptOriginalSaleTests.Round_trip_and_two_one_way_constructions_are_retained_as_supplied" computerName="AL-FARHADI-L" duration="00:00:00.0185091" startTime="2026-09-18T00:45:55.8561770+03:30" endTime="2026-09-18T00:45:55.8561774+03:30" testType="13cdc9d9-ddb5-4fa4-a97d-d965ccfc6d4b" outcome="Passed" testListId="8c84fa94-04c1-424b-9868-57a2d4851a1d" relativeResultsDirectory="5116f6fc-d40c-495c-954d-1cc056afaf64" />
    <UnitTestResult executionId="14ce6ea3-c08a-483b-a62a-dc565b8cca4e" testId="c8d638b6-bcc6-d8f2-5068-7f40b22eac79" testName="AeroTech.Ordering.Domain.Tests.OrderAggregate.PricingArithmeticTests.Three_and_zero_decimal_currencies_keep_their_scale" computerName="AL-FARHADI-L" duration="00:00:00.0010251" startTime="2026-09-18T00:45:55.7880229+03:30" endTime="2026-09-18T00:45:55.7880231+03:30" testType="13cdc9d9-ddb5-4fa4-a97d-d965ccfc6d4b" outcome="Passed" testListId="8c84fa94-04c1-424b-9868-57a2d4851a1d" relativeResultsDirectory="14ce6ea3-c08a-483b-a62a-dc565b8cca4e" />
    <UnitTestResult executionId="844e304d-ae78-45a5-a7f9-79002a9aaa16" testId="21abc958-0ef4-fc8e-d90b-4c221f9f0829" testName="AeroTech.Ordering.Domain.Tests.OrderAggregate.AcceptOriginalSaleTests.Repeated_source_traveler_binding_is_rejected_before_any_order" computerName="AL-FARHADI-L" duration="00:00:00.0027441" startTime="2026-09-18T00:45:55.7959878+03:30" endTime="2026-09-18T00:45:55.7959884+03:30" testType="13cdc9d9-ddb5-4fa4-a97d-d965ccfc6d4b" outcome="Passed" testListId="8c84fa94-04c1-424b-9868-57a2d4851a1d" relativeResultsDirectory="844e304d-ae78-45a5-a7f9-79002a9aaa16" />
    <UnitTestResult executionId="c018be5c-cc0b-44a5-ba15-76c7658e826f" testId="f8dcbbde-5bd2-37f9-9546-31984165ef34" testName="AeroTech.Ordering.Domain.Tests.OrderAggregate.PricingArithmeticTests.Sale_with_settlement_commission_totals_405_and_explicit_discount_reversal_totals_450" computerName="AL-FARHADI-L" duration="00:00:00.0256734" startTime="2026-09-18T00:45:55.7850968+03:30" endTime="2026-09-18T00:45:55.7850971+03:30" testType="13cdc9d9-ddb5-4fa4-a97d-d965ccfc6d4b" outcome="Passed" testListId="8c84fa94-04c1-424b-9868-57a2d4851a1d" relativeResultsDirectory="c018be5c-cc0b-44a5-ba15-76c7658e826f" />
    <UnitTestResult executionId="c7843fc9-fc56-4ae9-84dd-f9742157e720" testId="2c47a965-bdf3-86f8-a70c-51ab39a5ee4e" testName="AeroTech.Ordering.Domain.Tests.OrderPreparationAggregate.OrderPreparationTests.Expiry_is_evaluated_at_now_greater_or_equal_due" computerName="AL-FARHADI-L" duration="00:00:00.0022507" startTime="2026-09-18T00:45:55.7922181+03:30" endTime="2026-09-18T00:45:55.7922181+03:30" testType="13cdc9d9-ddb5-4fa4-a97d-d965ccfc6d4b" outcome="Passed" testListId="8c84fa94-04c1-424b-9868-57a2d4851a1d" relativeResultsDirectory="c7843fc9-fc56-4ae9-84dd-f9742157e720" />
    <UnitTestResult executionId="72e6ecdc-fc17-4eb3-8ef3-3a679663c815" testId="e21191c0-453b-1aa5-941c-7ae5f6ee7264" testName="AeroTech.Ordering.Domain.Tests.OrderPreparationAggregate.CandidateCanonicalFormTests.Canonical_form_round_trips_exact_decimal_strings_and_instants" computerName="AL-FARHADI-L" duration="00:00:00.0035774" startTime="2026-09-18T00:45:55.7920269+03:30" endTime="2026-09-18T00:45:55.7920271+03:30" testType="13cdc9d9-ddb5-4fa4-a97d-d965ccfc6d4b" outcome="Passed" testListId="8c84fa94-04c1-424b-9868-57a2d4851a1d" relativeResultsDirectory="72e6ecdc-fc17-4eb3-8ef3-3a679663c815" />
    <UnitTestResult executionId="f99f4a19-fb15-4444-bbd0-0adf22301d77" testId="7bf4f6c8-91c1-cb93-fd74-ae2786270160" testName="AeroTech.Ordering.Domain.Tests.OrderAggregate.DeadlinePolicyTests.Not_supplied_validity_never_carries_a_value_or_expires" computerName="AL-FARHADI-L" duration="00:00:00.0042305" startTime="2026-09-18T00:45:55.7791779+03:30" endTime="2026-09-18T00:45:55.7791780+03:30" testType="13cdc9d9-ddb5-4fa4-a97d-d965ccfc6d4b" outcome="Passed" testListId="8c84fa94-04c1-424b-9868-57a2d4851a1d" relativeResultsDirectory="f99f4a19-fb15-4444-bbd0-0adf22301d77" />
    <UnitTestResult executionId="a85ca403-dcf2-4785-8af8-8f7044ffb764" testId="cd1ff3f3-e031-1da3-f8e6-ec0a1d9332e1" testName="AeroTech.Ordering.Domain.Tests.OrderPreparationAggregate.CandidateValidatorTests.Unregistered_service_type_is_unsupported_before_acceptance" computerName="AL-FARHADI-L" duration="00:00:00.0887300" startTime="2026-09-18T00:45:55.6415856+03:30" endTime="2026-09-18T00:45:55.6415860+03:30" testType="13cdc9d9-ddb5-4fa4-a97d-d965ccfc6d4b" outcome="Passed" testListId="8c84fa94-04c1-424b-9868-57a2d4851a1d" relativeResultsDirectory="a85ca403-dcf2-4785-8af8-8f7044ffb764" />
    <UnitTestResult executionId="3a33e36b-e468-4963-a6f2-6b12b95faed7" testId="8f8d0634-c059-4c0b-070e-a7edd17d54a1" testName="AeroTech.Ordering.Domain.Tests.OrderAggregate.AcceptOriginalSaleTests.Incomplete_or_inconsistent_traveler_binding_is_rejected(defect: &quot;guardian-cycle&quot;)" computerName="AL-FARHADI-L" duration="00:00:00.1914891" startTime="2026-09-18T00:45:55.7881648+03:30" endTime="2026-09-18T00:45:55.7881649+03:30" testType="13cdc9d9-ddb5-4fa4-a97d-d965ccfc6d4b" outcome="Passed" testListId="8c84fa94-04c1-424b-9868-57a2d4851a1d" relativeResultsDirectory="3a33e36b-e468-4963-a6f2-6b12b95faed7" />
    <UnitTestResult executionId="108ae4e6-527d-4604-9101-b894e3cca84b" testId="a943e4b3-76b6-5dac-48a1-e6ccb057e42c" testName="AeroTech.Ordering.Domain.Tests.OrderPreparationAggregate.CandidateCanonicalFormTests.Unregistered_extension_type_is_an_unsupported_capability" computerName="AL-FARHADI-L" duration="00:00:00.0018983" startTime="2026-09-18T00:45:55.7902027+03:30" endTime="2026-09-18T00:45:55.7902028+03:30" testType="13cdc9d9-ddb5-4fa4-a97d-d965ccfc6d4b" outcome="Passed" testListId="8c84fa94-04c1-424b-9868-57a2d4851a1d" relativeResultsDirectory="108ae4e6-527d-4604-9101-b894e3cca84b" />
    <UnitTestResult executionId="47c45a39-289c-4d72-9670-e98442894bdb" testId="d93241d1-7288-f63e-7c6e-5dcac4ecab79" testName="AeroTech.Ordering.Domain.Tests.OrderPreparationAggregate.CandidateValidatorTests.Opaque_construction_cannot_claim_component_links" computerName="AL-FARHADI-L" duration="00:00:00.0224159" startTime="2026-09-18T00:45:55.7792592+03:30" endTime="2026-09-18T00:45:55.7792593+03:30" testType="13cdc9d9-ddb5-4fa4-a97d-d965ccfc6d4b" outcome="Passed" testListId="8c84fa94-04c1-424b-9868-57a2d4851a1d" relativeResultsDirectory="47c45a39-289c-4d72-9670-e98442894bdb" />
    <UnitTestResult executionId="3af5eb8a-7b19-4972-ab42-0b85c83e860a" testId="8a2a5bdc-4beb-eacc-a4ec-c581a670619d" testName="AeroTech.Ordering.Domain.Tests.OrderAggregate.AcceptOriginalSaleTests.Incomplete_or_inconsistent_traveler_binding_is_rejected(defect: &quot;missing&quot;)" computerName="AL-FARHADI-L" duration="00:00:00.0012501" startTime="2026-09-18T00:45:55.7882609+03:30" endTime="2026-09-18T00:45:55.7882610+03:30" testType="13cdc9d9-ddb5-4fa4-a97d-d965ccfc6d4b" outcome="Passed" testListId="8c84fa94-04c1-424b-9868-57a2d4851a1d" relativeResultsDirectory="3af5eb8a-7b19-4972-ab42-0b85c83e860a" />
    <UnitTestResult executionId="5a1a079f-f5e1-48bd-b851-a2537336f589" testId="08a4cd3d-ded3-1f91-9070-c3b877dcd4af" testName="AeroTech.Ordering.Domain.Tests.OrderPreparationAggregate.CandidateValidatorTests.Two_values_in_one_currency_are_a_contract_mismatch" computerName="AL-FARHADI-L" duration="00:00:00.0011878" startTime="2026-09-18T00:45:55.7842523+03:30" endTime="2026-09-18T00:45:55.7842525+03:30" testType="13cdc9d9-ddb5-4fa4-a97d-d965ccfc6d4b" outcome="Passed" testListId="8c84fa94-04c1-424b-9868-57a2d4851a1d" relativeResultsDirectory="5a1a079f-f5e1-48bd-b851-a2537336f589" />
    <UnitTestResult executionId="1d2a884e-fa52-42b5-982a-a4533aea23c4" testId="c451a0aa-b6b7-817a-2216-8cecce741039" testName="AeroTech.Ordering.Domain.Tests.OrderPreparationAggregate.CandidateValidatorTests.Unregistered_detail_schema_version_is_unsupported_before_acceptance" computerName="AL-FARHADI-L" duration="00:00:00.0016839" startTime="2026-09-18T00:45:55.7843794+03:30" endTime="2026-09-18T00:45:55.7843795+03:30" testType="13cdc9d9-ddb5-4fa4-a97d-d965ccfc6d4b" outcome="Passed" testListId="8c84fa94-04c1-424b-9868-57a2d4851a1d" relativeResultsDirectory="1d2a884e-fa52-42b5-982a-a4533aea23c4" />
  </Results>
  <TestDefinitions>
    <UnitTest name="AeroTech.Ordering.Domain.Tests.OrderPreparationAggregate.OrderPreparationTests.Digest_binds_the_authorized_scope_as_well_as_the_candidate" storage="e:\projects\dotair\aerotech.ordering\tests\aerotech.ordering.domain.tests\bin\debug\net10.0\aerotech.ordering.domain.tests.dll" id="08ccf59c-7d70-bfe5-1266-854e67dfe7d1">
      <Execution id="4bd10345-4af4-43c0-9c54-639cbf7f9f36" />
      <TestMethod codeBase="E:\Projects\DotAir\AeroTech.Ordering\tests\AeroTech.Ordering.Domain.Tests\bin\Debug\net10.0\AeroTech.Ordering.Domain.Tests.dll" adapterTypeName="executor://xunit/VsTestRunner2/netcoreapp" className="AeroTech.Ordering.Domain.Tests.OrderPreparationAggregate.OrderPreparationTests" name="Digest_binds_the_authorized_scope_as_well_as_the_candidate" />
    </UnitTest>
    <UnitTest name="AeroTech.Ordering.Domain.Tests.OrderPreparationAggregate.CandidateValidatorTests.Two_values_in_one_currency_are_a_contract_mismatch" storage="e:\projects\dotair\aerotech.ordering\tests\aerotech.ordering.domain.tests\bin\debug\net10.0\aerotech.ordering.domain.tests.dll" id="08a4cd3d-ded3-1f91-9070-c3b877dcd4af">
      <Execution id="5a1a079f-f5e1-48bd-b851-a2537336f589" />
      <TestMethod codeBase="E:\Projects\DotAir\AeroTech.Ordering\tests\AeroTech.Ordering.Domain.Tests\bin\Debug\net10.0\AeroTech.Ordering.Domain.Tests.dll" adapterTypeName="executor://xunit/VsTestRunner2/netcoreapp" className="AeroTech.Ordering.Domain.Tests.OrderPreparationAggregate.CandidateValidatorTests" name="Two_values_in_one_currency_are_a_contract_mismatch" />
    </UnitTest>
    <UnitTest name="AeroTech.Ordering.Domain.Tests.OrderAggregate.PricingArithmeticTests.Pack_pricing_vectors(debits: [&quot;400.00&quot;, &quot;50.00&quot;, &quot;45.00&quot;], credits: [&quot;45.00&quot;], settlementDebits: [&quot;20.00&quot;], expected: &quot;450.00&quot;)" storage="e:\projects\dotair\aerotech.ordering\tests\aerotech.ordering.domain.tests\bin\debug\net10.0\aerotech.ordering.domain.tests.dll" id="961300e9-8d6b-c93f-2c83-9fb54ece2029">
      <Execution id="682f7f26-cd90-4af7-a269-5597947d5223" />
      <TestMethod codeBase="E:\Projects\DotAir\AeroTech.Ordering\tests\AeroTech.Ordering.Domain.Tests\bin\Debug\net10.0\AeroTech.Ordering.Domain.Tests.dll" adapterTypeName="executor://xunit/VsTestRunner2/netcoreapp" className="AeroTech.Ordering.Domain.Tests.OrderAggregate.PricingArithmeticTests" name="Pack_pricing_vectors" />
    </UnitTest>
    <UnitTest name="AeroTech.Ordering.Domain.Tests.OrderPreparationAggregate.CandidateCanonicalFormTests.Pack_example_candidate_digest_is_reproduced_by_the_canonical_form" storage="e:\projects\dotair\aerotech.ordering\tests\aerotech.ordering.domain.tests\bin\debug\net10.0\aerotech.ordering.domain.tests.dll" id="33d70ecf-ba20-56b0-23f2-380ecc30073f">
      <Execution id="02949f0c-32e6-48c4-a624-c6ff0a7b3384" />
      <TestMethod codeBase="E:\Projects\DotAir\AeroTech.Ordering\tests\AeroTech.Ordering.Domain.Tests\bin\Debug\net10.0\AeroTech.Ordering.Domain.Tests.dll" adapterTypeName="executor://xunit/VsTestRunner2/netcoreapp" className="AeroTech.Ordering.Domain.Tests.OrderPreparationAggregate.CandidateCanonicalFormTests" name="Pack_example_candidate_digest_is_reproduced_by_the_canonical_form" />
    </UnitTest>
    <UnitTest name="AeroTech.Ordering.Domain.Tests.OrderPreparationAggregate.OrderPreparationTests.Sandbox_candidate_keeps_not_supplied_validity_and_reports_live_acceptance_blocked" storage="e:\projects\dotair\aerotech.ordering\tests\aerotech.ordering.domain.tests\bin\debug\net10.0\aerotech.ordering.domain.tests.dll" id="20eb1168-18ae-2eca-d25f-c7e3f17c6b5f">
      <Execution id="173ba7a5-9e49-4470-81b1-699fd22b2a30" />
      <TestMethod codeBase="E:\Projects\DotAir\AeroTech.Ordering\tests\AeroTech.Ordering.Domain.Tests\bin\Debug\net10.0\AeroTech.Ordering.Domain.Tests.dll" adapterTypeName="executor://xunit/VsTestRunner2/netcoreapp" className="AeroTech.Ordering.Domain.Tests.OrderPreparationAggregate.OrderPreparationTests" name="Sandbox_candidate_keeps_not_supplied_validity_and_reports_live_acceptance_blocked" />
    </UnitTest>
    <UnitTest name="AeroTech.Ordering.Domain.Tests.OrderAggregate.AcceptOriginalSaleTests.Technical_stop_keeps_one_service_and_two_legs" storage="e:\projects\dotair\aerotech.ordering\tests\aerotech.ordering.domain.tests\bin\debug\net10.0\aerotech.ordering.domain.tests.dll" id="0a9b0b5c-c991-e098-2470-fd761314001b">
      <Execution id="4b32d766-aa2e-4f7d-8699-5aa59df38f9e" />
      <TestMethod codeBase="E:\Projects\DotAir\AeroTech.Ordering\tests\AeroTech.Ordering.Domain.Tests\bin\Debug\net10.0\AeroTech.Ordering.Domain.Tests.dll" adapterTypeName="executor://xunit/VsTestRunner2/netcoreapp" className="AeroTech.Ordering.Domain.Tests.OrderAggregate.AcceptOriginalSaleTests" name="Technical_stop_keeps_one_service_and_two_legs" />
    </UnitTest>
    <UnitTest name="AeroTech.Ordering.Domain.Tests.OrderAggregate.PricingArithmeticTests.Representation_overflow_is_rejected" storage="e:\projects\dotair\aerotech.ordering\tests\aerotech.ordering.domain.tests\bin\debug\net10.0\aerotech.ordering.domain.tests.dll" id="aa23dac7-5556-1748-f46b-6cfa0068095e">
      <Execution id="543a961a-fea0-4c2b-bbd5-c148828afa65" />
      <TestMethod codeBase="E:\Projects\DotAir\AeroTech.Ordering\tests\AeroTech.Ordering.Domain.Tests\bin\Debug\net10.0\AeroTech.Ordering.Domain.Tests.dll" adapterTypeName="executor://xunit/VsTestRunner2/netcoreapp" className="AeroTech.Ordering.Domain.Tests.OrderAggregate.PricingArithmeticTests" name="Representation_overflow_is_rejected" />
    </UnitTest>
    <UnitTest name="AeroTech.Ordering.Domain.Tests.OrderAggregate.DeadlinePolicyTests.Independent_deadlines_keep_their_owners_and_the_earliest_is_only_a_display" storage="e:\projects\dotair\aerotech.ordering\tests\aerotech.ordering.domain.tests\bin\debug\net10.0\aerotech.ordering.domain.tests.dll" id="28438603-63f7-ed07-acc5-ee303f30e179">
      <Execution id="9f92e418-6e74-49c6-aeeb-e6ebb4d5f370" />
      <TestMethod codeBase="E:\Projects\DotAir\AeroTech.Ordering\tests\AeroTech.Ordering.Domain.Tests\bin\Debug\net10.0\AeroTech.Ordering.Domain.Tests.dll" adapterTypeName="executor://xunit/VsTestRunner2/netcoreapp" className="AeroTech.Ordering.Domain.Tests.OrderAggregate.DeadlinePolicyTests" name="Independent_deadlines_keep_their_owners_and_the_earliest_is_only_a_display" />
    </UnitTest>
    <UnitTest name="AeroTech.Ordering.Domain.Tests.OrderAggregate.AcceptOriginalSaleTests.Extended_group_line_is_stored_once_with_quantity_metadata" storage="e:\projects\dotair\aerotech.ordering\tests\aerotech.ordering.domain.tests\bin\debug\net10.0\aerotech.ordering.domain.tests.dll" id="49097328-edc4-510c-1c0a-2071fc656c57">
      <Execution id="96189ccd-1582-485e-9d60-03a077cd6751" />
      <TestMethod codeBase="E:\Projects\DotAir\AeroTech.Ordering\tests\AeroTech.Ordering.Domain.Tests\bin\Debug\net10.0\AeroTech.Ordering.Domain.Tests.dll" adapterTypeName="executor://xunit/VsTestRunner2/netcoreapp" className="AeroTech.Ordering.Domain.Tests.OrderAggregate.AcceptOriginalSaleTests" name="Extended_group_line_is_stored_once_with_quantity_metadata" />
    </UnitTest>
    <UnitTest name="AeroTech.Ordering.Domain.Tests.OrderAggregate.PricingArithmeticTests.Three_and_zero_decimal_currencies_keep_their_scale" storage="e:\projects\dotair\aerotech.ordering\tests\aerotech.ordering.domain.tests\bin\debug\net10.0\aerotech.ordering.domain.tests.dll" id="c8d638b6-bcc6-d8f2-5068-7f40b22eac79">
      <Execution id="14ce6ea3-c08a-483b-a62a-dc565b8cca4e" />
      <TestMethod codeBase="E:\Projects\DotAir\AeroTech.Ordering\tests\AeroTech.Ordering.Domain.Tests\bin\Debug\net10.0\AeroTech.Ordering.Domain.Tests.dll" adapterTypeName="executor://xunit/VsTestRunner2/netcoreapp" className="AeroTech.Ordering.Domain.Tests.OrderAggregate.PricingArithmeticTests" name="Three_and_zero_decimal_currencies_keep_their_scale" />
    </UnitTest>
    <UnitTest name="AeroTech.Ordering.Domain.Tests.OrderAggregate.PricingArithmeticTests.Commission_as_settlement_only_is_allowed_and_as_customer_charge_is_not" storage="e:\projects\dotair\aerotech.ordering\tests\aerotech.ordering.domain.tests\bin\debug\net10.0\aerotech.ordering.domain.tests.dll" id="4b5797ab-e9ab-5a99-fb6c-9f3a149ca560">
      <Execution id="bf9073ea-6706-44da-a388-50daeb945ee1" />
      <TestMethod codeBase="E:\Projects\DotAir\AeroTech.Ordering\tests\AeroTech.Ordering.Domain.Tests\bin\Debug\net10.0\AeroTech.Ordering.Domain.Tests.dll" adapterTypeName="executor://xunit/VsTestRunner2/netcoreapp" className="AeroTech.Ordering.Domain.Tests.OrderAggregate.PricingArithmeticTests" name="Commission_as_settlement_only_is_allowed_and_as_customer_charge_is_not" />
    </UnitTest>
    <UnitTest name="AeroTech.Ordering.Domain.Tests.OrderPreparationAggregate.OrderPreparationTests.Owner_bound_acceptance_needs_known_validity" storage="e:\projects\dotair\aerotech.ordering\tests\aerotech.ordering.domain.tests\bin\debug\net10.0\aerotech.ordering.domain.tests.dll" id="bda20832-926a-8abc-8bcd-c1d03897c53f">
      <Execution id="9c2b2188-b79a-4dca-98fe-310ad8f41d20" />
      <TestMethod codeBase="E:\Projects\DotAir\AeroTech.Ordering\tests\AeroTech.Ordering.Domain.Tests\bin\Debug\net10.0\AeroTech.Ordering.Domain.Tests.dll" adapterTypeName="executor://xunit/VsTestRunner2/netcoreapp" className="AeroTech.Ordering.Domain.Tests.OrderPreparationAggregate.OrderPreparationTests" name="Owner_bound_acceptance_needs_known_validity" />
    </UnitTest>
    <UnitTest name="AeroTech.Ordering.Domain.Tests.OrderAggregate.AcceptOriginalSaleTests.Incomplete_or_inconsistent_traveler_binding_is_rejected(defect: &quot;type&quot;)" storage="e:\projects\dotair\aerotech.ordering\tests\aerotech.ordering.domain.tests\bin\debug\net10.0\aerotech.ordering.domain.tests.dll" id="2c0a6c36-f065-3de3-de58-dad4b1fa36e5">
      <Execution id="67af37d7-e1be-453b-a748-70c77443f6e5" />
      <TestMethod codeBase="E:\Projects\DotAir\AeroTech.Ordering\tests\AeroTech.Ordering.Domain.Tests\bin\Debug\net10.0\AeroTech.Ordering.Domain.Tests.dll" adapterTypeName="executor://xunit/VsTestRunner2/netcoreapp" className="AeroTech.Ordering.Domain.Tests.OrderAggregate.AcceptOriginalSaleTests" name="Incomplete_or_inconsistent_traveler_binding_is_rejected" />
    </UnitTest>
    <UnitTest name="AeroTech.Ordering.Domain.Tests.OrderPreparationAggregate.CandidateValidatorTests.Reference_one_way_candidate_is_valid" storage="e:\projects\dotair\aerotech.ordering\tests\aerotech.ordering.domain.tests\bin\debug\net10.0\aerotech.ordering.domain.tests.dll" id="4b8f1e45-b8af-fb62-b13c-ca82d62c96a5">
      <Execution id="b5a93e48-ab0f-4b61-8755-df5bb8edec7f" />
      <TestMethod codeBase="E:\Projects\DotAir\AeroTech.Ordering\tests\AeroTech.Ordering.Domain.Tests\bin\Debug\net10.0\AeroTech.Ordering.Domain.Tests.dll" adapterTypeName="executor://xunit/VsTestRunner2/netcoreapp" className="AeroTech.Ordering.Domain.Tests.OrderPreparationAggregate.CandidateValidatorTests" name="Reference_one_way_candidate_is_valid" />
    </UnitTest>
    <UnitTest name="AeroTech.Ordering.Domain.Tests.OrderPreparationAggregate.CandidateValidatorTests.Unregistered_detail_schema_version_is_unsupported_before_acceptance" storage="e:\projects\dotair\aerotech.ordering\tests\aerotech.ordering.domain.tests\bin\debug\net10.0\aerotech.ordering.domain.tests.dll" id="c451a0aa-b6b7-817a-2216-8cecce741039">
      <Execution id="1d2a884e-fa52-42b5-982a-a4533aea23c4" />
      <TestMethod codeBase="E:\Projects\DotAir\AeroTech.Ordering\tests\AeroTech.Ordering.Domain.Tests\bin\Debug\net10.0\AeroTech.Ordering.Domain.Tests.dll" adapterTypeName="executor://xunit/VsTestRunner2/netcoreapp" className="AeroTech.Ordering.Domain.Tests.OrderPreparationAggregate.CandidateValidatorTests" name="Unregistered_detail_schema_version_is_unsupported_before_acceptance" />
    </UnitTest>
    <UnitTest name="AeroTech.Ordering.Domain.Tests.OrderAggregate.PricingArithmeticTests.Pack_pricing_vectors(debits: [&quot;120.00&quot;, &quot;30.00&quot;], credits: [], settlementDebits: [], expected: &quot;150.00&quot;)" storage="e:\projects\dotair\aerotech.ordering\tests\aerotech.ordering.domain.tests\bin\debug\net10.0\aerotech.ordering.domain.tests.dll" id="de6ed085-c4e3-c02f-2ae6-8a4d000ea37a">
      <Execution id="50fa7a9b-7088-4b92-8669-f6091d4cc717" />
      <TestMethod codeBase="E:\Projects\DotAir\AeroTech.Ordering\tests\AeroTech.Ordering.Domain.Tests\bin\Debug\net10.0\AeroTech.Ordering.Domain.Tests.dll" adapterTypeName="executor://xunit/VsTestRunner2/netcoreapp" className="AeroTech.Ordering.Domain.Tests.OrderAggregate.PricingArithmeticTests" name="Pack_pricing_vectors" />
    </UnitTest>
    <UnitTest name="AeroTech.Ordering.Domain.Tests.OrderPreparationAggregate.OrderPreparationTests.Sandbox_profile_is_refused_where_the_deployment_does_not_permit_it" storage="e:\projects\dotair\aerotech.ordering\tests\aerotech.ordering.domain.tests\bin\debug\net10.0\aerotech.ordering.domain.tests.dll" id="01f3c4e2-92b9-005d-8e35-27d19dab7c15">
      <Execution id="33c4396f-595a-40ce-bc1c-60cc0a9d4654" />
      <TestMethod codeBase="E:\Projects\DotAir\AeroTech.Ordering\tests\AeroTech.Ordering.Domain.Tests\bin\Debug\net10.0\AeroTech.Ordering.Domain.Tests.dll" adapterTypeName="executor://xunit/VsTestRunner2/netcoreapp" className="AeroTech.Ordering.Domain.Tests.OrderPreparationAggregate.OrderPreparationTests" name="Sandbox_profile_is_refused_where_the_deployment_does_not_permit_it" />
    </UnitTest>
    <UnitTest name="AeroTech.Ordering.Domain.Tests.OrderAggregate.PricingArithmeticTests.Sale_with_settlement_commission_totals_405_and_explicit_discount_reversal_totals_450" storage="e:\projects\dotair\aerotech.ordering\tests\aerotech.ordering.domain.tests\bin\debug\net10.0\aerotech.ordering.domain.tests.dll" id="f8dcbbde-5bd2-37f9-9546-31984165ef34">
      <Execution id="c018be5c-cc0b-44a5-ba15-76c7658e826f" />
      <TestMethod codeBase="E:\Projects\DotAir\AeroTech.Ordering\tests\AeroTech.Ordering.Domain.Tests\bin\Debug\net10.0\AeroTech.Ordering.Domain.Tests.dll" adapterTypeName="executor://xunit/VsTestRunner2/netcoreapp" className="AeroTech.Ordering.Domain.Tests.OrderAggregate.PricingArithmeticTests" name="Sale_with_settlement_commission_totals_405_and_explicit_discount_reversal_totals_450" />
    </UnitTest>
    <UnitTest name="AeroTech.Ordering.Domain.Tests.OrderAggregate.AcceptOriginalSaleTests.Repeated_source_traveler_binding_is_rejected_before_any_order" storage="e:\projects\dotair\aerotech.ordering\tests\aerotech.ordering.domain.tests\bin\debug\net10.0\aerotech.ordering.domain.tests.dll" id="21abc958-0ef4-fc8e-d90b-4c221f9f0829">
      <Execution id="844e304d-ae78-45a5-a7f9-79002a9aaa16" />
      <TestMethod codeBase="E:\Projects\DotAir\AeroTech.Ordering\tests\AeroTech.Ordering.Domain.Tests\bin\Debug\net10.0\AeroTech.Ordering.Domain.Tests.dll" adapterTypeName="executor://xunit/VsTestRunner2/netcoreapp" className="AeroTech.Ordering.Domain.Tests.OrderAggregate.AcceptOriginalSaleTests" name="Repeated_source_traveler_binding_is_rejected_before_any_order" />
    </UnitTest>
    <UnitTest name="AeroTech.Ordering.Domain.Tests.OrderAggregate.DeadlinePolicyTests.Each_fact_expires_at_its_own_instant" storage="e:\projects\dotair\aerotech.ordering\tests\aerotech.ordering.domain.tests\bin\debug\net10.0\aerotech.ordering.domain.tests.dll" id="910589d6-9d6b-5bfa-8dfc-7d6b6a1c0d79">
      <Execution id="f498ac2b-d09a-4b7f-b1cf-21f97c092098" />
      <TestMethod codeBase="E:\Projects\DotAir\AeroTech.Ordering\tests\AeroTech.Ordering.Domain.Tests\bin\Debug\net10.0\AeroTech.Ordering.Domain.Tests.dll" adapterTypeName="executor://xunit/VsTestRunner2/netcoreapp" className="AeroTech.Ordering.Domain.Tests.OrderAggregate.DeadlinePolicyTests" name="Each_fact_expires_at_its_own_instant" />
    </UnitTest>
    <UnitTest name="AeroTech.Ordering.Domain.Tests.OrderAggregate.AcceptOriginalSaleTests.Incomplete_or_inconsistent_traveler_binding_is_rejected(defect: &quot;missing&quot;)" storage="e:\projects\dotair\aerotech.ordering\tests\aerotech.ordering.domain.tests\bin\debug\net10.0\aerotech.ordering.domain.tests.dll" id="8a2a5bdc-4beb-eacc-a4ec-c581a670619d">
      <Execution id="3af5eb8a-7b19-4972-ab42-0b85c83e860a" />
      <TestMethod codeBase="E:\Projects\DotAir\AeroTech.Ordering\tests\AeroTech.Ordering.Domain.Tests\bin\Debug\net10.0\AeroTech.Ordering.Domain.Tests.dll" adapterTypeName="executor://xunit/VsTestRunner2/netcoreapp" className="AeroTech.Ordering.Domain.Tests.OrderAggregate.AcceptOriginalSaleTests" name="Incomplete_or_inconsistent_traveler_binding_is_rejected" />
    </UnitTest>
    <UnitTest name="AeroTech.Ordering.Domain.Tests.OrderAggregate.AcceptOriginalSaleTests.Round_trip_and_two_one_way_constructions_are_retained_as_supplied" storage="e:\projects\dotair\aerotech.ordering\tests\aerotech.ordering.domain.tests\bin\debug\net10.0\aerotech.ordering.domain.tests.dll" id="e4ac66cf-899a-5077-b367-22ba38647025">
      <Execution id="5116f6fc-d40c-495c-954d-1cc056afaf64" />
      <TestMethod codeBase="E:\Projects\DotAir\AeroTech.Ordering\tests\AeroTech.Ordering.Domain.Tests\bin\Debug\net10.0\AeroTech.Ordering.Domain.Tests.dll" adapterTypeName="executor://xunit/VsTestRunner2/netcoreapp" className="AeroTech.Ordering.Domain.Tests.OrderAggregate.AcceptOriginalSaleTests" name="Round_trip_and_two_one_way_constructions_are_retained_as_supplied" />
    </UnitTest>
    <UnitTest name="AeroTech.Ordering.Domain.Tests.OrderPreparationAggregate.CandidateValidatorTests.Commission_cannot_be_a_customer_charge" storage="e:\projects\dotair\aerotech.ordering\tests\aerotech.ordering.domain.tests\bin\debug\net10.0\aerotech.ordering.domain.tests.dll" id="3a492720-4196-57e8-a1c8-a610f92d71e5">
      <Execution id="012dad01-7fe1-4285-954f-a40467f478b9" />
      <TestMethod codeBase="E:\Projects\DotAir\AeroTech.Ordering\tests\AeroTech.Ordering.Domain.Tests\bin\Debug\net10.0\AeroTech.Ordering.Domain.Tests.dll" adapterTypeName="executor://xunit/VsTestRunner2/netcoreapp" className="AeroTech.Ordering.Domain.Tests.OrderPreparationAggregate.CandidateValidatorTests" name="Commission_cannot_be_a_customer_charge" />
    </UnitTest>
    <UnitTest name="AeroTech.Ordering.Domain.Tests.OrderAggregate.PricingArithmeticTests.Pack_pricing_vectors(debits: [&quot;120.00&quot;, &quot;150.00&quot;], credits: [&quot;120.00&quot;], settlementDebits: [], expected: &quot;150.00&quot;)" storage="e:\projects\dotair\aerotech.ordering\tests\aerotech.ordering.domain.tests\bin\debug\net10.0\aerotech.ordering.domain.tests.dll" id="01ed7f4c-4266-162f-3cf3-b0e246336d3d">
      <Execution id="8188892f-5027-4bfc-b2c5-5b81e65fa02a" />
      <TestMethod codeBase="E:\Projects\DotAir\AeroTech.Ordering\tests\AeroTech.Ordering.Domain.Tests\bin\Debug\net10.0\AeroTech.Ordering.Domain.Tests.dll" adapterTypeName="executor://xunit/VsTestRunner2/netcoreapp" className="AeroTech.Ordering.Domain.Tests.OrderAggregate.PricingArithmeticTests" name="Pack_pricing_vectors" />
    </UnitTest>
    <UnitTest name="AeroTech.Ordering.Domain.Tests.OrderAggregate.AcceptOriginalSaleTests.One_traveler_one_segment_package_creates_one_item_one_service_total_120_versions_1" storage="e:\projects\dotair\aerotech.ordering\tests\aerotech.ordering.domain.tests\bin\debug\net10.0\aerotech.ordering.domain.tests.dll" id="00e00d91-ad41-976c-7f44-e574c5f70870">
      <Execution id="0b138cc8-3e25-4dee-8e48-8a61c1048a14" />
      <TestMethod codeBase="E:\Projects\DotAir\AeroTech.Ordering\tests\AeroTech.Ordering.Domain.Tests\bin\Debug\net10.0\AeroTech.Ordering.Domain.Tests.dll" adapterTypeName="executor://xunit/VsTestRunner2/netcoreapp" className="AeroTech.Ordering.Domain.Tests.OrderAggregate.AcceptOriginalSaleTests" name="One_traveler_one_segment_package_creates_one_item_one_service_total_120_versions_1" />
    </UnitTest>
    <UnitTest name="AeroTech.Ordering.Domain.Tests.OrderPreparationAggregate.CandidateValidatorTests.Pack_negative_examples_are_rejected_with_their_rule" storage="e:\projects\dotair\aerotech.ordering\tests\aerotech.ordering.domain.tests\bin\debug\net10.0\aerotech.ordering.domain.tests.dll" id="d6795c76-9d09-23fe-a46e-d90b37c03462">
      <Execution id="06c6635f-d4c4-4ce4-9e8d-23842c1a5af6" />
      <TestMethod codeBase="E:\Projects\DotAir\AeroTech.Ordering\tests\AeroTech.Ordering.Domain.Tests\bin\Debug\net10.0\AeroTech.Ordering.Domain.Tests.dll" adapterTypeName="executor://xunit/VsTestRunner2/netcoreapp" className="AeroTech.Ordering.Domain.Tests.OrderPreparationAggregate.CandidateValidatorTests" name="Pack_negative_examples_are_rejected_with_their_rule" />
    </UnitTest>
    <UnitTest name="AeroTech.Ordering.Domain.Tests.OrderPreparationAggregate.CandidateCanonicalFormTests.Canonical_form_round_trips_exact_decimal_strings_and_instants" storage="e:\projects\dotair\aerotech.ordering\tests\aerotech.ordering.domain.tests\bin\debug\net10.0\aerotech.ordering.domain.tests.dll" id="e21191c0-453b-1aa5-941c-7ae5f6ee7264">
      <Execution id="72e6ecdc-fc17-4eb3-8ef3-3a679663c815" />
      <TestMethod codeBase="E:\Projects\DotAir\AeroTech.Ordering\tests\AeroTech.Ordering.Domain.Tests\bin\Debug\net10.0\AeroTech.Ordering.Domain.Tests.dll" adapterTypeName="executor://xunit/VsTestRunner2/netcoreapp" className="AeroTech.Ordering.Domain.Tests.OrderPreparationAggregate.CandidateCanonicalFormTests" name="Canonical_form_round_trips_exact_decimal_strings_and_instants" />
    </UnitTest>
    <UnitTest name="AeroTech.Ordering.Domain.Tests.OrderAggregate.PricingArithmeticTests.Allocation_attributes_value_and_never_adds_money" storage="e:\projects\dotair\aerotech.ordering\tests\aerotech.ordering.domain.tests\bin\debug\net10.0\aerotech.ordering.domain.tests.dll" id="69c7ec67-410d-bf13-b805-6fca05fd388f">
      <Execution id="29f6bfa5-a4fe-45b2-8602-bec09e359b74" />
      <TestMethod codeBase="E:\Projects\DotAir\AeroTech.Ordering\tests\AeroTech.Ordering.Domain.Tests\bin\Debug\net10.0\AeroTech.Ordering.Domain.Tests.dll" adapterTypeName="executor://xunit/VsTestRunner2/netcoreapp" className="AeroTech.Ordering.Domain.Tests.OrderAggregate.PricingArithmeticTests" name="Allocation_attributes_value_and_never_adds_money" />
    </UnitTest>
    <UnitTest name="AeroTech.Ordering.Domain.Tests.OrderPreparationAggregate.CandidateCanonicalFormTests.Floating_point_amount_is_rejected" storage="e:\projects\dotair\aerotech.ordering\tests\aerotech.ordering.domain.tests\bin\debug\net10.0\aerotech.ordering.domain.tests.dll" id="d992d755-a5c5-77a5-8fd9-1c1ba04d9765">
      <Execution id="b78e3431-5d4b-4d28-92df-25405622e2ff" />
      <TestMethod codeBase="E:\Projects\DotAir\AeroTech.Ordering\tests\AeroTech.Ordering.Domain.Tests\bin\Debug\net10.0\AeroTech.Ordering.Domain.Tests.dll" adapterTypeName="executor://xunit/VsTestRunner2/netcoreapp" className="AeroTech.Ordering.Domain.Tests.OrderPreparationAggregate.CandidateCanonicalFormTests" name="Floating_point_amount_is_rejected" />
    </UnitTest>
    <UnitTest name="AeroTech.Ordering.Domain.Tests.OrderPreparationAggregate.CandidateCanonicalFormTests.Unregistered_extension_type_is_an_unsupported_capability" storage="e:\projects\dotair\aerotech.ordering\tests\aerotech.ordering.domain.tests\bin\debug\net10.0\aerotech.ordering.domain.tests.dll" id="a943e4b3-76b6-5dac-48a1-e6ccb057e42c">
      <Execution id="108ae4e6-527d-4604-9101-b894e3cca84b" />
      <TestMethod codeBase="E:\Projects\DotAir\AeroTech.Ordering\tests\AeroTech.Ordering.Domain.Tests\bin\Debug\net10.0\AeroTech.Ordering.Domain.Tests.dll" adapterTypeName="executor://xunit/VsTestRunner2/netcoreapp" className="AeroTech.Ordering.Domain.Tests.OrderPreparationAggregate.CandidateCanonicalFormTests" name="Unregistered_extension_type_is_an_unsupported_capability" />
    </UnitTest>
    <UnitTest name="AeroTech.Ordering.Domain.Tests.OrderAggregate.PricingArithmeticTests.Pack_pricing_vectors(debits: [&quot;120.00&quot;, &quot;10.00&quot;], credits: [&quot;50.00&quot;], settlementDebits: [], expected: &quot;80.00&quot;)" storage="e:\projects\dotair\aerotech.ordering\tests\aerotech.ordering.domain.tests\bin\debug\net10.0\aerotech.ordering.domain.tests.dll" id="dd65a0c3-6a88-b0d1-98c5-e66f20b8ba8d">
      <Execution id="3acec5fb-dcb4-4d6c-9f11-e930e014293e" />
      <TestMethod codeBase="E:\Projects\DotAir\AeroTech.Ordering\tests\AeroTech.Ordering.Domain.Tests\bin\Debug\net10.0\AeroTech.Ordering.Domain.Tests.dll" adapterTypeName="executor://xunit/VsTestRunner2/netcoreapp" className="AeroTech.Ordering.Domain.Tests.OrderAggregate.PricingArithmeticTests" name="Pack_pricing_vectors" />
    </UnitTest>
    <UnitTest name="AeroTech.Ordering.Domain.Tests.OrderPreparationAggregate.CandidateValidatorTests.Candidate_for_another_customer_is_rejected" storage="e:\projects\dotair\aerotech.ordering\tests\aerotech.ordering.domain.tests\bin\debug\net10.0\aerotech.ordering.domain.tests.dll" id="dce4b8e3-619a-5f9f-90de-b9b172ca7f6a">
      <Execution id="a958b1c3-c00e-4db8-aa2a-5c160cd07972" />
      <TestMethod codeBase="E:\Projects\DotAir\AeroTech.Ordering\tests\AeroTech.Ordering.Domain.Tests\bin\Debug\net10.0\AeroTech.Ordering.Domain.Tests.dll" adapterTypeName="executor://xunit/VsTestRunner2/netcoreapp" className="AeroTech.Ordering.Domain.Tests.OrderPreparationAggregate.CandidateValidatorTests" name="Candidate_for_another_customer_is_rejected" />
    </UnitTest>
    <UnitTest name="AeroTech.Ordering.Domain.Tests.OrderPreparationAggregate.OrderPreparationTests.Expiry_is_evaluated_at_now_greater_or_equal_due" storage="e:\projects\dotair\aerotech.ordering\tests\aerotech.ordering.domain.tests\bin\debug\net10.0\aerotech.ordering.domain.tests.dll" id="2c47a965-bdf3-86f8-a70c-51ab39a5ee4e">
      <Execution id="c7843fc9-fc56-4ae9-84dd-f9742157e720" />
      <TestMethod codeBase="E:\Projects\DotAir\AeroTech.Ordering\tests\AeroTech.Ordering.Domain.Tests\bin\Debug\net10.0\AeroTech.Ordering.Domain.Tests.dll" adapterTypeName="executor://xunit/VsTestRunner2/netcoreapp" className="AeroTech.Ordering.Domain.Tests.OrderPreparationAggregate.OrderPreparationTests" name="Expiry_is_evaluated_at_now_greater_or_equal_due" />
    </UnitTest>
    <UnitTest name="AeroTech.Ordering.Domain.Tests.OrderAggregate.AcceptOriginalSaleTests.Sale_equivalent_is_the_customer_value_and_original_currency_is_retained" storage="e:\projects\dotair\aerotech.ordering\tests\aerotech.ordering.domain.tests\bin\debug\net10.0\aerotech.ordering.domain.tests.dll" id="61a18973-c0c6-d844-f174-20da5c2f0642">
      <Execution id="243e8737-e729-43d5-aebe-7899ef8c1443" />
      <TestMethod codeBase="E:\Projects\DotAir\AeroTech.Ordering\tests\AeroTech.Ordering.Domain.Tests\bin\Debug\net10.0\AeroTech.Ordering.Domain.Tests.dll" adapterTypeName="executor://xunit/VsTestRunner2/netcoreapp" className="AeroTech.Ordering.Domain.Tests.OrderAggregate.AcceptOriginalSaleTests" name="Sale_equivalent_is_the_customer_value_and_original_currency_is_retained" />
    </UnitTest>
    <UnitTest name="AeroTech.Ordering.Domain.Tests.OrderAggregate.AcceptOriginalSaleTests.Infant_guardian_is_linked_to_the_same_order_traveler" storage="e:\projects\dotair\aerotech.ordering\tests\aerotech.ordering.domain.tests\bin\debug\net10.0\aerotech.ordering.domain.tests.dll" id="4793c001-460e-ab34-a216-949483ea50b2">
      <Execution id="74eb5645-61ba-453e-b441-945eef8cb9f2" />
      <TestMethod codeBase="E:\Projects\DotAir\AeroTech.Ordering\tests\AeroTech.Ordering.Domain.Tests\bin\Debug\net10.0\AeroTech.Ordering.Domain.Tests.dll" adapterTypeName="executor://xunit/VsTestRunner2/netcoreapp" className="AeroTech.Ordering.Domain.Tests.OrderAggregate.AcceptOriginalSaleTests" name="Infant_guardian_is_linked_to_the_same_order_traveler" />
    </UnitTest>
    <UnitTest name="AeroTech.Ordering.Domain.Tests.OrderAggregate.AcceptOriginalSaleTests.Incomplete_or_inconsistent_traveler_binding_is_rejected(defect: &quot;guardian-cycle&quot;)" storage="e:\projects\dotair\aerotech.ordering\tests\aerotech.ordering.domain.tests\bin\debug\net10.0\aerotech.ordering.domain.tests.dll" id="8f8d0634-c059-4c0b-070e-a7edd17d54a1">
      <Execution id="3a33e36b-e468-4963-a6f2-6b12b95faed7" />
      <TestMethod codeBase="E:\Projects\DotAir\AeroTech.Ordering\tests\AeroTech.Ordering.Domain.Tests\bin\Debug\net10.0\AeroTech.Ordering.Domain.Tests.dll" adapterTypeName="executor://xunit/VsTestRunner2/netcoreapp" className="AeroTech.Ordering.Domain.Tests.OrderAggregate.AcceptOriginalSaleTests" name="Incomplete_or_inconsistent_traveler_binding_is_rejected" />
    </UnitTest>
    <UnitTest name="AeroTech.Ordering.Domain.Tests.OrderPreparationAggregate.CandidateValidatorTests.Air_service_with_two_segments_is_rejected" storage="e:\projects\dotair\aerotech.ordering\tests\aerotech.ordering.domain.tests\bin\debug\net10.0\aerotech.ordering.domain.tests.dll" id="4975ee99-882d-437c-1c13-75395af9d413">
      <Execution id="092182de-879c-46ec-8657-77ea408914ec" />
      <TestMethod codeBase="E:\Projects\DotAir\AeroTech.Ordering\tests\AeroTech.Ordering.Domain.Tests\bin\Debug\net10.0\AeroTech.Ordering.Domain.Tests.dll" adapterTypeName="executor://xunit/VsTestRunner2/netcoreapp" className="AeroTech.Ordering.Domain.Tests.OrderPreparationAggregate.CandidateValidatorTests" name="Air_service_with_two_segments_is_rejected" />
    </UnitTest>
    <UnitTest name="AeroTech.Ordering.Domain.Tests.OrderAggregate.AcceptOriginalSaleTests.Incomplete_or_inconsistent_traveler_binding_is_rejected(defect: &quot;foreign&quot;)" storage="e:\projects\dotair\aerotech.ordering\tests\aerotech.ordering.domain.tests\bin\debug\net10.0\aerotech.ordering.domain.tests.dll" id="66fd78b7-fd6e-87d7-464c-de06c8b775b6">
      <Execution id="8756e288-8815-4695-946a-5fa70759cb9a" />
      <TestMethod codeBase="E:\Projects\DotAir\AeroTech.Ordering\tests\AeroTech.Ordering.Domain.Tests\bin\Debug\net10.0\AeroTech.Ordering.Domain.Tests.dll" adapterTypeName="executor://xunit/VsTestRunner2/netcoreapp" className="AeroTech.Ordering.Domain.Tests.OrderAggregate.AcceptOriginalSaleTests" name="Incomplete_or_inconsistent_traveler_binding_is_rejected" />
    </UnitTest>
    <UnitTest name="AeroTech.Ordering.Domain.Tests.OrderAggregate.DeadlinePolicyTests.Not_supplied_validity_never_carries_a_value_or_expires" storage="e:\projects\dotair\aerotech.ordering\tests\aerotech.ordering.domain.tests\bin\debug\net10.0\aerotech.ordering.domain.tests.dll" id="7bf4f6c8-91c1-cb93-fd74-ae2786270160">
      <Execution id="f99f4a19-fb15-4444-bbd0-0adf22301d77" />
      <TestMethod codeBase="E:\Projects\DotAir\AeroTech.Ordering\tests\AeroTech.Ordering.Domain.Tests\bin\Debug\net10.0\AeroTech.Ordering.Domain.Tests.dll" adapterTypeName="executor://xunit/VsTestRunner2/netcoreapp" className="AeroTech.Ordering.Domain.Tests.OrderAggregate.DeadlinePolicyTests" name="Not_supplied_validity_never_carries_a_value_or_expires" />
    </UnitTest>
    <UnitTest name="AeroTech.Ordering.Domain.Tests.OrderPreparationAggregate.CandidateValidatorTests.Opaque_construction_cannot_claim_component_links" storage="e:\projects\dotair\aerotech.ordering\tests\aerotech.ordering.domain.tests\bin\debug\net10.0\aerotech.ordering.domain.tests.dll" id="d93241d1-7288-f63e-7c6e-5dcac4ecab79">
      <Execution id="47c45a39-289c-4d72-9670-e98442894bdb" />
      <TestMethod codeBase="E:\Projects\DotAir\AeroTech.Ordering\tests\AeroTech.Ordering.Domain.Tests\bin\Debug\net10.0\AeroTech.Ordering.Domain.Tests.dll" adapterTypeName="executor://xunit/VsTestRunner2/netcoreapp" className="AeroTech.Ordering.Domain.Tests.OrderPreparationAggregate.CandidateValidatorTests" name="Opaque_construction_cannot_claim_component_links" />
    </UnitTest>
    <UnitTest name="AeroTech.Ordering.Domain.Tests.OrderAggregate.PricingArithmeticTests.Complete_allocation_must_reconcile_and_partial_cannot_exceed" storage="e:\projects\dotair\aerotech.ordering\tests\aerotech.ordering.domain.tests\bin\debug\net10.0\aerotech.ordering.domain.tests.dll" id="7db3a191-2462-91a0-3386-d016f26e3c86">
      <Execution id="36b9b809-7cd4-41e2-b764-8f4c22bdf4a7" />
      <TestMethod codeBase="E:\Projects\DotAir\AeroTech.Ordering\tests\AeroTech.Ordering.Domain.Tests\bin\Debug\net10.0\AeroTech.Ordering.Domain.Tests.dll" adapterTypeName="executor://xunit/VsTestRunner2/netcoreapp" className="AeroTech.Ordering.Domain.Tests.OrderAggregate.PricingArithmeticTests" name="Complete_allocation_must_reconcile_and_partial_cannot_exceed" />
    </UnitTest>
    <UnitTest name="AeroTech.Ordering.Domain.Tests.OrderAggregate.AcceptOriginalSaleTests.Source_priced_package_for_two_travelers_and_two_segments_is_one_item_with_four_services" storage="e:\projects\dotair\aerotech.ordering\tests\aerotech.ordering.domain.tests\bin\debug\net10.0\aerotech.ordering.domain.tests.dll" id="d62da5ef-1533-1a0b-c40c-0b028fd97a57">
      <Execution id="2e5ea30f-dbbf-4100-bb92-45cd37ad89dc" />
      <TestMethod codeBase="E:\Projects\DotAir\AeroTech.Ordering\tests\AeroTech.Ordering.Domain.Tests\bin\Debug\net10.0\AeroTech.Ordering.Domain.Tests.dll" adapterTypeName="executor://xunit/VsTestRunner2/netcoreapp" className="AeroTech.Ordering.Domain.Tests.OrderAggregate.AcceptOriginalSaleTests" name="Source_priced_package_for_two_travelers_and_two_segments_is_one_item_with_four_services" />
    </UnitTest>
    <UnitTest name="AeroTech.Ordering.Domain.Tests.OrderPreparationAggregate.CandidateValidatorTests.Unregistered_service_type_is_unsupported_before_acceptance" storage="e:\projects\dotair\aerotech.ordering\tests\aerotech.ordering.domain.tests\bin\debug\net10.0\aerotech.ordering.domain.tests.dll" id="cd1ff3f3-e031-1da3-f8e6-ec0a1d9332e1">
      <Execution id="a85ca403-dcf2-4785-8af8-8f7044ffb764" />
      <TestMethod codeBase="E:\Projects\DotAir\AeroTech.Ordering\tests\AeroTech.Ordering.Domain.Tests\bin\Debug\net10.0\AeroTech.Ordering.Domain.Tests.dll" adapterTypeName="executor://xunit/VsTestRunner2/netcoreapp" className="AeroTech.Ordering.Domain.Tests.OrderPreparationAggregate.CandidateValidatorTests" name="Unregistered_service_type_is_unsupported_before_acceptance" />
    </UnitTest>
    <UnitTest name="AeroTech.Ordering.Domain.Tests.OrderPreparationAggregate.CandidateValidatorTests.Amount_beyond_storage_scale_is_rejected_not_rounded" storage="e:\projects\dotair\aerotech.ordering\tests\aerotech.ordering.domain.tests\bin\debug\net10.0\aerotech.ordering.domain.tests.dll" id="cd10268d-7b86-1836-45ba-81df4bb90d03">
      <Execution id="17e1ce08-e832-4806-bc32-b9f2e2c96c64" />
      <TestMethod codeBase="E:\Projects\DotAir\AeroTech.Ordering\tests\AeroTech.Ordering.Domain.Tests\bin\Debug\net10.0\AeroTech.Ordering.Domain.Tests.dll" adapterTypeName="executor://xunit/VsTestRunner2/netcoreapp" className="AeroTech.Ordering.Domain.Tests.OrderPreparationAggregate.CandidateValidatorTests" name="Amount_beyond_storage_scale_is_rejected_not_rounded" />
    </UnitTest>
    <UnitTest name="AeroTech.Ordering.Domain.Tests.OrderAggregate.PricingArithmeticTests.Reversal_beyond_the_original_or_with_same_direction_is_rejected" storage="e:\projects\dotair\aerotech.ordering\tests\aerotech.ordering.domain.tests\bin\debug\net10.0\aerotech.ordering.domain.tests.dll" id="976671ad-f9f7-6c1b-16f4-d23697ca287d">
      <Execution id="0fc15a69-d5e6-402c-b2fa-743f4dec37a3" />
      <TestMethod codeBase="E:\Projects\DotAir\AeroTech.Ordering\tests\AeroTech.Ordering.Domain.Tests\bin\Debug\net10.0\AeroTech.Ordering.Domain.Tests.dll" adapterTypeName="executor://xunit/VsTestRunner2/netcoreapp" className="AeroTech.Ordering.Domain.Tests.OrderAggregate.PricingArithmeticTests" name="Reversal_beyond_the_original_or_with_same_direction_is_rejected" />
    </UnitTest>
    <UnitTest name="AeroTech.Ordering.Domain.Tests.OrderPreparationAggregate.OrderPreparationTests.Digest_mismatch_and_second_consumption_are_conflicts" storage="e:\projects\dotair\aerotech.ordering\tests\aerotech.ordering.domain.tests\bin\debug\net10.0\aerotech.ordering.domain.tests.dll" id="bb1e09c3-0118-8d07-1716-8b89cbee2d36">
      <Execution id="540946d7-5823-4435-86cb-2a16470cea4e" />
      <TestMethod codeBase="E:\Projects\DotAir\AeroTech.Ordering\tests\AeroTech.Ordering.Domain.Tests\bin\Debug\net10.0\AeroTech.Ordering.Domain.Tests.dll" adapterTypeName="executor://xunit/VsTestRunner2/netcoreapp" className="AeroTech.Ordering.Domain.Tests.OrderPreparationAggregate.OrderPreparationTests" name="Digest_mismatch_and_second_consumption_are_conflicts" />
    </UnitTest>
    <UnitTest name="AeroTech.Ordering.Domain.Tests.OrderAggregate.PricingArithmeticTests.Pack_pricing_vectors(debits: [&quot;400.00&quot;, &quot;50.00&quot;], credits: [&quot;45.00&quot;], settlementDebits: [&quot;20.00&quot;], expected: &quot;405.00&quot;)" storage="e:\projects\dotair\aerotech.ordering\tests\aerotech.ordering.domain.tests\bin\debug\net10.0\aerotech.ordering.domain.tests.dll" id="60676acc-5956-558c-3eff-3388ad72c412">
      <Execution id="43b2344b-8b77-4fdc-93f6-b19e3745db2e" />
      <TestMethod codeBase="E:\Projects\DotAir\AeroTech.Ordering\tests\AeroTech.Ordering.Domain.Tests\bin\Debug\net10.0\AeroTech.Ordering.Domain.Tests.dll" adapterTypeName="executor://xunit/VsTestRunner2/netcoreapp" className="AeroTech.Ordering.Domain.Tests.OrderAggregate.PricingArithmeticTests" name="Pack_pricing_vectors" />
    </UnitTest>
    <UnitTest name="AeroTech.Ordering.Domain.Tests.OrderAggregate.AcceptOriginalSaleTests.Opaque_context_is_retained_without_invented_links" storage="e:\projects\dotair\aerotech.ordering\tests\aerotech.ordering.domain.tests\bin\debug\net10.0\aerotech.ordering.domain.tests.dll" id="e530032b-5b1d-aed6-013a-c4bc07d0b52b">
      <Execution id="675a3608-17f6-4741-998d-01aa1aa80884" />
      <TestMethod codeBase="E:\Projects\DotAir\AeroTech.Ordering\tests\AeroTech.Ordering.Domain.Tests\bin\Debug\net10.0\AeroTech.Ordering.Domain.Tests.dll" adapterTypeName="executor://xunit/VsTestRunner2/netcoreapp" className="AeroTech.Ordering.Domain.Tests.OrderAggregate.AcceptOriginalSaleTests" name="Opaque_context_is_retained_without_invented_links" />
    </UnitTest>
    <UnitTest name="AeroTech.Ordering.Domain.Tests.OrderPreparationAggregate.CandidateCanonicalFormTests.Property_outside_the_candidate_contract_is_rejected" storage="e:\projects\dotair\aerotech.ordering\tests\aerotech.ordering.domain.tests\bin\debug\net10.0\aerotech.ordering.domain.tests.dll" id="e19682da-2fea-24e3-ed7f-3258df8ea80c">
      <Execution id="fc223d80-e2ac-448d-aa19-0710e9f8d023" />
      <TestMethod codeBase="E:\Projects\DotAir\AeroTech.Ordering\tests\AeroTech.Ordering.Domain.Tests\bin\Debug\net10.0\AeroTech.Ordering.Domain.Tests.dll" adapterTypeName="executor://xunit/VsTestRunner2/netcoreapp" className="AeroTech.Ordering.Domain.Tests.OrderPreparationAggregate.CandidateCanonicalFormTests" name="Property_outside_the_candidate_contract_is_rejected" />
    </UnitTest>
  </TestDefinitions>
  <TestEntries>
    <TestEntry testId="01ed7f4c-4266-162f-3cf3-b0e246336d3d" executionId="8188892f-5027-4bfc-b2c5-5b81e65fa02a" testListId="8c84fa94-04c1-424b-9868-57a2d4851a1d" />
    <TestEntry testId="d992d755-a5c5-77a5-8fd9-1c1ba04d9765" executionId="b78e3431-5d4b-4d28-92df-25405622e2ff" testListId="8c84fa94-04c1-424b-9868-57a2d4851a1d" />
    <TestEntry testId="de6ed085-c4e3-c02f-2ae6-8a4d000ea37a" executionId="50fa7a9b-7088-4b92-8669-f6091d4cc717" testListId="8c84fa94-04c1-424b-9868-57a2d4851a1d" />
    <TestEntry testId="0a9b0b5c-c991-e098-2470-fd761314001b" executionId="4b32d766-aa2e-4f7d-8699-5aa59df38f9e" testListId="8c84fa94-04c1-424b-9868-57a2d4851a1d" />
    <TestEntry testId="28438603-63f7-ed07-acc5-ee303f30e179" executionId="9f92e418-6e74-49c6-aeeb-e6ebb4d5f370" testListId="8c84fa94-04c1-424b-9868-57a2d4851a1d" />
    <TestEntry testId="4b5797ab-e9ab-5a99-fb6c-9f3a149ca560" executionId="bf9073ea-6706-44da-a388-50daeb945ee1" testListId="8c84fa94-04c1-424b-9868-57a2d4851a1d" />
    <TestEntry testId="2c0a6c36-f065-3de3-de58-dad4b1fa36e5" executionId="67af37d7-e1be-453b-a748-70c77443f6e5" testListId="8c84fa94-04c1-424b-9868-57a2d4851a1d" />
    <TestEntry testId="61a18973-c0c6-d844-f174-20da5c2f0642" executionId="243e8737-e729-43d5-aebe-7899ef8c1443" testListId="8c84fa94-04c1-424b-9868-57a2d4851a1d" />
    <TestEntry testId="08ccf59c-7d70-bfe5-1266-854e67dfe7d1" executionId="4bd10345-4af4-43c0-9c54-639cbf7f9f36" testListId="8c84fa94-04c1-424b-9868-57a2d4851a1d" />
    <TestEntry testId="60676acc-5956-558c-3eff-3388ad72c412" executionId="43b2344b-8b77-4fdc-93f6-b19e3745db2e" testListId="8c84fa94-04c1-424b-9868-57a2d4851a1d" />
    <TestEntry testId="bda20832-926a-8abc-8bcd-c1d03897c53f" executionId="9c2b2188-b79a-4dca-98fe-310ad8f41d20" testListId="8c84fa94-04c1-424b-9868-57a2d4851a1d" />
    <TestEntry testId="cd10268d-7b86-1836-45ba-81df4bb90d03" executionId="17e1ce08-e832-4806-bc32-b9f2e2c96c64" testListId="8c84fa94-04c1-424b-9868-57a2d4851a1d" />
    <TestEntry testId="66fd78b7-fd6e-87d7-464c-de06c8b775b6" executionId="8756e288-8815-4695-946a-5fa70759cb9a" testListId="8c84fa94-04c1-424b-9868-57a2d4851a1d" />
    <TestEntry testId="e530032b-5b1d-aed6-013a-c4bc07d0b52b" executionId="675a3608-17f6-4741-998d-01aa1aa80884" testListId="8c84fa94-04c1-424b-9868-57a2d4851a1d" />
    <TestEntry testId="dce4b8e3-619a-5f9f-90de-b9b172ca7f6a" executionId="a958b1c3-c00e-4db8-aa2a-5c160cd07972" testListId="8c84fa94-04c1-424b-9868-57a2d4851a1d" />
    <TestEntry testId="976671ad-f9f7-6c1b-16f4-d23697ca287d" executionId="0fc15a69-d5e6-402c-b2fa-743f4dec37a3" testListId="8c84fa94-04c1-424b-9868-57a2d4851a1d" />
    <TestEntry testId="49097328-edc4-510c-1c0a-2071fc656c57" executionId="96189ccd-1582-485e-9d60-03a077cd6751" testListId="8c84fa94-04c1-424b-9868-57a2d4851a1d" />
    <TestEntry testId="4b8f1e45-b8af-fb62-b13c-ca82d62c96a5" executionId="b5a93e48-ab0f-4b61-8755-df5bb8edec7f" testListId="8c84fa94-04c1-424b-9868-57a2d4851a1d" />
    <TestEntry testId="20eb1168-18ae-2eca-d25f-c7e3f17c6b5f" executionId="173ba7a5-9e49-4470-81b1-699fd22b2a30" testListId="8c84fa94-04c1-424b-9868-57a2d4851a1d" />
    <TestEntry testId="bb1e09c3-0118-8d07-1716-8b89cbee2d36" executionId="540946d7-5823-4435-86cb-2a16470cea4e" testListId="8c84fa94-04c1-424b-9868-57a2d4851a1d" />
    <TestEntry testId="33d70ecf-ba20-56b0-23f2-380ecc30073f" executionId="02949f0c-32e6-48c4-a624-c6ff0a7b3384" testListId="8c84fa94-04c1-424b-9868-57a2d4851a1d" />
    <TestEntry testId="aa23dac7-5556-1748-f46b-6cfa0068095e" executionId="543a961a-fea0-4c2b-bbd5-c148828afa65" testListId="8c84fa94-04c1-424b-9868-57a2d4851a1d" />
    <TestEntry testId="d62da5ef-1533-1a0b-c40c-0b028fd97a57" executionId="2e5ea30f-dbbf-4100-bb92-45cd37ad89dc" testListId="8c84fa94-04c1-424b-9868-57a2d4851a1d" />
    <TestEntry testId="4793c001-460e-ab34-a216-949483ea50b2" executionId="74eb5645-61ba-453e-b441-945eef8cb9f2" testListId="8c84fa94-04c1-424b-9868-57a2d4851a1d" />
    <TestEntry testId="00e00d91-ad41-976c-7f44-e574c5f70870" executionId="0b138cc8-3e25-4dee-8e48-8a61c1048a14" testListId="8c84fa94-04c1-424b-9868-57a2d4851a1d" />
    <TestEntry testId="d6795c76-9d09-23fe-a46e-d90b37c03462" executionId="06c6635f-d4c4-4ce4-9e8d-23842c1a5af6" testListId="8c84fa94-04c1-424b-9868-57a2d4851a1d" />
    <TestEntry testId="e19682da-2fea-24e3-ed7f-3258df8ea80c" executionId="fc223d80-e2ac-448d-aa19-0710e9f8d023" testListId="8c84fa94-04c1-424b-9868-57a2d4851a1d" />
    <TestEntry testId="69c7ec67-410d-bf13-b805-6fca05fd388f" executionId="29f6bfa5-a4fe-45b2-8602-bec09e359b74" testListId="8c84fa94-04c1-424b-9868-57a2d4851a1d" />
    <TestEntry testId="7db3a191-2462-91a0-3386-d016f26e3c86" executionId="36b9b809-7cd4-41e2-b764-8f4c22bdf4a7" testListId="8c84fa94-04c1-424b-9868-57a2d4851a1d" />
    <TestEntry testId="3a492720-4196-57e8-a1c8-a610f92d71e5" executionId="012dad01-7fe1-4285-954f-a40467f478b9" testListId="8c84fa94-04c1-424b-9868-57a2d4851a1d" />
    <TestEntry testId="961300e9-8d6b-c93f-2c83-9fb54ece2029" executionId="682f7f26-cd90-4af7-a269-5597947d5223" testListId="8c84fa94-04c1-424b-9868-57a2d4851a1d" />
    <TestEntry testId="4975ee99-882d-437c-1c13-75395af9d413" executionId="092182de-879c-46ec-8657-77ea408914ec" testListId="8c84fa94-04c1-424b-9868-57a2d4851a1d" />
    <TestEntry testId="910589d6-9d6b-5bfa-8dfc-7d6b6a1c0d79" executionId="f498ac2b-d09a-4b7f-b1cf-21f97c092098" testListId="8c84fa94-04c1-424b-9868-57a2d4851a1d" />
    <TestEntry testId="dd65a0c3-6a88-b0d1-98c5-e66f20b8ba8d" executionId="3acec5fb-dcb4-4d6c-9f11-e930e014293e" testListId="8c84fa94-04c1-424b-9868-57a2d4851a1d" />
    <TestEntry testId="01f3c4e2-92b9-005d-8e35-27d19dab7c15" executionId="33c4396f-595a-40ce-bc1c-60cc0a9d4654" testListId="8c84fa94-04c1-424b-9868-57a2d4851a1d" />
    <TestEntry testId="e4ac66cf-899a-5077-b367-22ba38647025" executionId="5116f6fc-d40c-495c-954d-1cc056afaf64" testListId="8c84fa94-04c1-424b-9868-57a2d4851a1d" />
    <TestEntry testId="c8d638b6-bcc6-d8f2-5068-7f40b22eac79" executionId="14ce6ea3-c08a-483b-a62a-dc565b8cca4e" testListId="8c84fa94-04c1-424b-9868-57a2d4851a1d" />
    <TestEntry testId="21abc958-0ef4-fc8e-d90b-4c221f9f0829" executionId="844e304d-ae78-45a5-a7f9-79002a9aaa16" testListId="8c84fa94-04c1-424b-9868-57a2d4851a1d" />
    <TestEntry testId="f8dcbbde-5bd2-37f9-9546-31984165ef34" executionId="c018be5c-cc0b-44a5-ba15-76c7658e826f" testListId="8c84fa94-04c1-424b-9868-57a2d4851a1d" />
    <TestEntry testId="2c47a965-bdf3-86f8-a70c-51ab39a5ee4e" executionId="c7843fc9-fc56-4ae9-84dd-f9742157e720" testListId="8c84fa94-04c1-424b-9868-57a2d4851a1d" />
    <TestEntry testId="e21191c0-453b-1aa5-941c-7ae5f6ee7264" executionId="72e6ecdc-fc17-4eb3-8ef3-3a679663c815" testListId="8c84fa94-04c1-424b-9868-57a2d4851a1d" />
    <TestEntry testId="7bf4f6c8-91c1-cb93-fd74-ae2786270160" executionId="f99f4a19-fb15-4444-bbd0-0adf22301d77" testListId="8c84fa94-04c1-424b-9868-57a2d4851a1d" />
    <TestEntry testId="cd1ff3f3-e031-1da3-f8e6-ec0a1d9332e1" executionId="a85ca403-dcf2-4785-8af8-8f7044ffb764" testListId="8c84fa94-04c1-424b-9868-57a2d4851a1d" />
    <TestEntry testId="8f8d0634-c059-4c0b-070e-a7edd17d54a1" executionId="3a33e36b-e468-4963-a6f2-6b12b95faed7" testListId="8c84fa94-04c1-424b-9868-57a2d4851a1d" />
    <TestEntry testId="a943e4b3-76b6-5dac-48a1-e6ccb057e42c" executionId="108ae4e6-527d-4604-9101-b894e3cca84b" testListId="8c84fa94-04c1-424b-9868-57a2d4851a1d" />
    <TestEntry testId="d93241d1-7288-f63e-7c6e-5dcac4ecab79" executionId="47c45a39-289c-4d72-9670-e98442894bdb" testListId="8c84fa94-04c1-424b-9868-57a2d4851a1d" />
    <TestEntry testId="8a2a5bdc-4beb-eacc-a4ec-c581a670619d" executionId="3af5eb8a-7b19-4972-ab42-0b85c83e860a" testListId="8c84fa94-04c1-424b-9868-57a2d4851a1d" />
    <TestEntry testId="08a4cd3d-ded3-1f91-9070-c3b877dcd4af" executionId="5a1a079f-f5e1-48bd-b851-a2537336f589" testListId="8c84fa94-04c1-424b-9868-57a2d4851a1d" />
    <TestEntry testId="c451a0aa-b6b7-817a-2216-8cecce741039" executionId="1d2a884e-fa52-42b5-982a-a4533aea23c4" testListId="8c84fa94-04c1-424b-9868-57a2d4851a1d" />
  </TestEntries>
  <TestLists>
    <TestList name="Results Not in a List" id="8c84fa94-04c1-424b-9868-57a2d4851a1d" />
    <TestList name="All Loaded Results" id="19431567-8539-422a-85d7-44ee4e166bda" />
  </TestLists>
  <ResultSummary outcome="Completed">
    <Counters total="49" executed="49" passed="49" failed="0" error="0" timeout="0" aborted="0" inconclusive="0" passedButRunAborted="0" notRunnable="0" notExecuted="0" disconnected="0" warning="0" completed="0" inProgress="0" pending="0" />
    <Output>
      <StdOut>[xUnit.net 00:00:00.00] xUnit.net VSTest Adapter v2.8.2+699d445a1a (64-bit .NET 10.0.12)&#xD;
[xUnit.net 00:00:00.27]   Discovering: AeroTech.Ordering.Domain.Tests&#xD;
[xUnit.net 00:00:00.48]   Discovered:  AeroTech.Ordering.Domain.Tests&#xD;
[xUnit.net 00:00:00.50]   Starting:    AeroTech.Ordering.Domain.Tests&#xD;
[xUnit.net 00:00:00.98]   Finished:    AeroTech.Ordering.Domain.Tests&#xD;
</StdOut>
    </Output>
  </ResultSummary>
</TestRun>