<?xml version="1.0" encoding="utf-8"?>
<TestRun id="57348af4-1c36-420f-8858-3f182b20caeb" name="Al.Farhadi@AL-FARHADI-L 2026-09-17 17:42:19" runUser="ALIBABA\Al.Farhadi" xmlns="http://microsoft.com/schemas/VisualStudio/TeamTest/2010">
  <Times creation="2026-09-17T17:42:19.8449055+03:30" queuing="2026-09-17T17:42:19.8449061+03:30" start="2026-09-17T17:42:16.9927140+03:30" finish="2026-09-17T17:42:30.9189492+03:30" />
  <TestSettings name="default" id="56fc7a15-7781-4602-9f08-acd0363b882b">
    <Deployment runDeploymentRoot="Al.Farhadi_AL-FARHADI-L_2026-09-17_17_42_19" />
  </TestSettings>
  <Results>
    <UnitTestResult executionId="2b6bf763-90cf-4c89-b07e-484f0999b747" testId="ce723d3e-572b-c008-9514-11f2d1e62fec" testName="AeroTech.Ordering.Persistence.Tests.Composition.HostCompositionTests.Host_composes_with_real_bindings_and_one_unit_of_work" computerName="AL-FARHADI-L" duration="00:00:00.0607455" startTime="2026-09-17T17:42:30.5276330+03:30" endTime="2026-09-17T17:42:30.5276336+03:30" testType="13cdc9d9-ddb5-4fa4-a97d-d965ccfc6d4b" outcome="Passed" testListId="8c84fa94-04c1-424b-9868-57a2d4851a1d" relativeResultsDirectory="2b6bf763-90cf-4c89-b07e-484f0999b747" />
    <UnitTestResult executionId="f8807ead-55f7-40c3-9ccc-c3fd55b8f13b" testId="dfde8ef7-96a0-c53f-ce54-d5d8c077a8aa" testName="AeroTech.Ordering.Persistence.Tests.Precision.ModelPrecisionTests.Query_model_has_explicit_precision_on_every_owned_decimal" computerName="AL-FARHADI-L" duration="00:00:00.0359362" startTime="2026-09-17T17:42:24.5756614+03:30" endTime="2026-09-17T17:42:24.5756619+03:30" testType="13cdc9d9-ddb5-4fa4-a97d-d965ccfc6d4b" outcome="Passed" testListId="8c84fa94-04c1-424b-9868-57a2d4851a1d" relativeResultsDirectory="f8807ead-55f7-40c3-9ccc-c3fd55b8f13b" />
    <UnitTestResult executionId="5befc42f-144a-4764-a634-695f75cca5cf" testId="7179356a-11ea-06cf-2be5-5134fe9fff94" testName="AeroTech.Ordering.Persistence.Tests.Composition.SingleRegistrationGuardTests.Single_bindings_pass" computerName="AL-FARHADI-L" duration="00:00:00.0006943" startTime="2026-09-17T17:42:19.6230836+03:30" endTime="2026-09-17T17:42:19.6230837+03:30" testType="13cdc9d9-ddb5-4fa4-a97d-d965ccfc6d4b" outcome="Passed" testListId="8c84fa94-04c1-424b-9868-57a2d4851a1d" relativeResultsDirectory="5befc42f-144a-4764-a634-695f75cca5cf" />
    <UnitTestResult executionId="947bb552-beb7-4bc8-bc45-482af4a3a413" testId="cd14cdcd-5b11-36de-b70a-1983b78ca60b" testName="AeroTech.Ordering.Persistence.Tests.Outbox.OutboxDispatcherTests.Two_publishers_never_hold_the_same_row" computerName="AL-FARHADI-L" duration="00:00:00.3369674" startTime="2026-09-17T17:42:25.3225601+03:30" endTime="2026-09-17T17:42:25.3225606+03:30" testType="13cdc9d9-ddb5-4fa4-a97d-d965ccfc6d4b" outcome="Passed" testListId="8c84fa94-04c1-424b-9868-57a2d4851a1d" relativeResultsDirectory="947bb552-beb7-4bc8-bc45-482af4a3a413" />
    <UnitTestResult executionId="d9e65e16-9219-4c6e-8322-a963cb78dd33" testId="f98d45b9-cd1e-2279-1c15-885d0f9768b5" testName="AeroTech.Ordering.Persistence.Tests.Outbox.OutboxDispatcherTests.Expired_lease_holder_cannot_complete_a_row_claimed_by_another_publisher" computerName="AL-FARHADI-L" duration="00:00:00.4034566" startTime="2026-09-17T17:42:24.9846670+03:30" endTime="2026-09-17T17:42:24.9846674+03:30" testType="13cdc9d9-ddb5-4fa4-a97d-d965ccfc6d4b" outcome="Passed" testListId="8c84fa94-04c1-424b-9868-57a2d4851a1d" relativeResultsDirectory="d9e65e16-9219-4c6e-8322-a963cb78dd33" />
    <UnitTestResult executionId="db5238ba-8e5c-4eb6-b551-af904e35b1e3" testId="2350c248-dc09-31d6-968a-adb1706147b4" testName="AeroTech.Ordering.Persistence.Tests.Inbox.InboxConsumeFilterOutcomeTests.Already_processed_message_does_not_reach_the_consumer" computerName="AL-FARHADI-L" duration="00:00:00.0736100" startTime="2026-09-17T17:42:25.7562070+03:30" endTime="2026-09-17T17:42:25.7562074+03:30" testType="13cdc9d9-ddb5-4fa4-a97d-d965ccfc6d4b" outcome="Passed" testListId="8c84fa94-04c1-424b-9868-57a2d4851a1d" relativeResultsDirectory="db5238ba-8e5c-4eb6-b551-af904e35b1e3" />
    <UnitTestResult executionId="bbe80ef5-6818-45c8-b27b-16d40d2ac98e" testId="6103cffd-6578-ff3d-6621-f1db5a771581" testName="AeroTech.Ordering.Persistence.Tests.Precision.DecimalPrecisionTests.The_removed_blanket_precision_would_have_truncated_the_values" computerName="AL-FARHADI-L" duration="00:00:00.0028093" startTime="2026-09-17T17:42:24.5375911+03:30" endTime="2026-09-17T17:42:24.5375916+03:30" testType="13cdc9d9-ddb5-4fa4-a97d-d965ccfc6d4b" outcome="Passed" testListId="8c84fa94-04c1-424b-9868-57a2d4851a1d" relativeResultsDirectory="bbe80ef5-6818-45c8-b27b-16d40d2ac98e" />
    <UnitTestResult executionId="dfe224bf-0463-4998-8e9a-1f781f8f88b0" testId="ab448388-39b8-866f-d2b3-4730b8dea2f4" testName="AeroTech.Ordering.Persistence.Tests.Outbox.OutboxDispatcherTests.Lost_acknowledgement_republishes_the_same_identity_and_payload_and_the_receiver_commits_one_fact" computerName="AL-FARHADI-L" duration="00:00:00.2007498" startTime="2026-09-17T17:42:25.5245010+03:30" endTime="2026-09-17T17:42:25.5245017+03:30" testType="13cdc9d9-ddb5-4fa4-a97d-d965ccfc6d4b" outcome="Passed" testListId="8c84fa94-04c1-424b-9868-57a2d4851a1d" relativeResultsDirectory="dfe224bf-0463-4998-8e9a-1f781f8f88b0" />
    <UnitTestResult executionId="b8a4a6cb-4298-423b-ae5a-a99c86ad4b38" testId="5e09e745-c4c8-bd56-ffcc-7232381d433f" testName="AeroTech.Ordering.Persistence.Tests.Deterministic.DeterministicEffectStoreTests.Owner_effect_survives_an_ordering_rollback_and_a_restart" computerName="AL-FARHADI-L" duration="00:00:01.0973067" startTime="2026-09-17T17:42:29.9336231+03:30" endTime="2026-09-17T17:42:29.9336233+03:30" testType="13cdc9d9-ddb5-4fa4-a97d-d965ccfc6d4b" outcome="Passed" testListId="8c84fa94-04c1-424b-9868-57a2d4851a1d" relativeResultsDirectory="b8a4a6cb-4298-423b-ae5a-a99c86ad4b38" />
    <UnitTestResult executionId="364569a3-1940-413e-9f7e-ae1b420b61fc" testId="90a4322e-ca04-9578-e046-d7476ddec83d" testName="AeroTech.Ordering.Persistence.Tests.Architecture.DomainMessagesAllowlistTests.Domain_uses_only_allowlisted_Messages_types" computerName="AL-FARHADI-L" duration="00:00:00.0161897" startTime="2026-09-17T17:42:19.6176420+03:30" endTime="2026-09-17T17:42:19.6176425+03:30" testType="13cdc9d9-ddb5-4fa4-a97d-d965ccfc6d4b" outcome="Passed" testListId="8c84fa94-04c1-424b-9868-57a2d4851a1d" relativeResultsDirectory="364569a3-1940-413e-9f7e-ae1b420b61fc" />
    <UnitTestResult executionId="09857a56-3e03-4684-9399-57aa5ef3cda0" testId="8eccce5f-e7a2-d580-f42d-0e56db5c9a8f" testName="AeroTech.Ordering.Persistence.Tests.Inbox.InboxConsumeFilterTests.Unrelated_sql_failure_is_not_classified_as_a_duplicate" computerName="AL-FARHADI-L" duration="00:00:01.2396157" startTime="2026-09-17T17:42:28.8298744+03:30" endTime="2026-09-17T17:42:28.8298747+03:30" testType="13cdc9d9-ddb5-4fa4-a97d-d965ccfc6d4b" outcome="Passed" testListId="8c84fa94-04c1-424b-9868-57a2d4851a1d" relativeResultsDirectory="09857a56-3e03-4684-9399-57aa5ef3cda0" />
    <UnitTestResult executionId="45cef98d-bdbb-4923-81c4-41f1adaa2779" testId="a509b415-7a34-2926-2ac9-9c2a4ca792f1" testName="AeroTech.Ordering.Persistence.Tests.Outbox.OutboxDispatcherTests.Unusable_row_is_recorded_as_failed_and_does_not_block_usable_rows" computerName="AL-FARHADI-L" duration="00:00:00.0407789" startTime="2026-09-17T17:42:25.5661892+03:30" endTime="2026-09-17T17:42:25.5661896+03:30" testType="13cdc9d9-ddb5-4fa4-a97d-d965ccfc6d4b" outcome="Passed" testListId="8c84fa94-04c1-424b-9868-57a2d4851a1d" relativeResultsDirectory="45cef98d-bdbb-4923-81c4-41f1adaa2779" />
    <UnitTestResult executionId="972fb020-031a-4a47-9ad8-080f95ef2b0e" testId="ac0cffaf-9f34-581b-25e3-220747e6735d" testName="AeroTech.Ordering.Persistence.Tests.Inbox.InboxConsumeFilterTests.Classifier_accepts_only_the_inbox_key_violation" computerName="AL-FARHADI-L" duration="00:00:00.0197502" startTime="2026-09-17T17:42:27.4260315+03:30" endTime="2026-09-17T17:42:27.4260318+03:30" testType="13cdc9d9-ddb5-4fa4-a97d-d965ccfc6d4b" outcome="Passed" testListId="8c84fa94-04c1-424b-9868-57a2d4851a1d" relativeResultsDirectory="972fb020-031a-4a47-9ad8-080f95ef2b0e" />
    <UnitTestResult executionId="12642945-0644-40c4-b55d-001fd08de95d" testId="7a645235-e288-4cc9-6c82-28ac94ecf7c0" testName="AeroTech.Ordering.Persistence.Tests.Composition.HostCompositionTests.Host_composes_with_deterministic_adapters_only_when_the_existing_flag_is_true" computerName="AL-FARHADI-L" duration="00:00:00.4586726" startTime="2026-09-17T17:42:30.4255569+03:30" endTime="2026-09-17T17:42:30.4255573+03:30" testType="13cdc9d9-ddb5-4fa4-a97d-d965ccfc6d4b" outcome="Passed" testListId="8c84fa94-04c1-424b-9868-57a2d4851a1d" relativeResultsDirectory="12642945-0644-40c4-b55d-001fd08de95d" />
    <UnitTestResult executionId="1d17fcfb-6bf2-4d44-a6ab-7c2e536f0820" testId="576970ba-53c8-5312-d355-ec628534023d" testName="AeroTech.Ordering.Persistence.Tests.Composition.HostCompositionTests.Missing_broker_configuration_fails_startup" computerName="AL-FARHADI-L" duration="00:00:00.0169391" startTime="2026-09-17T17:42:30.4667565+03:30" endTime="2026-09-17T17:42:30.4667570+03:30" testType="13cdc9d9-ddb5-4fa4-a97d-d965ccfc6d4b" outcome="Passed" testListId="8c84fa94-04c1-424b-9868-57a2d4851a1d" relativeResultsDirectory="1d17fcfb-6bf2-4d44-a6ab-7c2e536f0820" />
    <UnitTestResult executionId="cbc6f262-4371-42a2-96a4-b6de76f9d35e" testId="e4e92790-5359-1360-2c04-ea8ed7cd25c1" testName="AeroTech.Ordering.Persistence.Tests.Composition.SingleRegistrationGuardTests.Real_and_deterministic_binding_of_the_same_contract_fail_with_the_named_duplicate" computerName="AL-FARHADI-L" duration="00:00:00.0011597" startTime="2026-09-17T17:42:19.6231664+03:30" endTime="2026-09-17T17:42:19.6231665+03:30" testType="13cdc9d9-ddb5-4fa4-a97d-d965ccfc6d4b" outcome="Passed" testListId="8c84fa94-04c1-424b-9868-57a2d4851a1d" relativeResultsDirectory="cbc6f262-4371-42a2-96a4-b6de76f9d35e" />
    <UnitTestResult executionId="6f329908-187f-410d-88b5-3bbcc168c118" testId="7013998d-b542-f763-6ff4-3e6c629ebffb" testName="AeroTech.Ordering.Persistence.Tests.Composition.SingleRegistrationGuardTests.Two_unit_of_work_registrations_fail_with_the_named_duplicate" computerName="AL-FARHADI-L" duration="00:00:00.0446501" startTime="2026-09-17T17:42:19.6229707+03:30" endTime="2026-09-17T17:42:19.6229708+03:30" testType="13cdc9d9-ddb5-4fa4-a97d-d965ccfc6d4b" outcome="Passed" testListId="8c84fa94-04c1-424b-9868-57a2d4851a1d" relativeResultsDirectory="6f329908-187f-410d-88b5-3bbcc168c118" />
    <UnitTestResult executionId="d71f5112-6f85-4361-bf17-1b7d9ba4d410" testId="5628be98-33f1-45ff-365b-884f9b0ea074" testName="AeroTech.Ordering.Persistence.Tests.Composition.HostCompositionTests.Deterministic_flag_without_its_own_database_fails_closed" computerName="AL-FARHADI-L" duration="00:00:00.0239309" startTime="2026-09-17T17:42:30.4497047+03:30" endTime="2026-09-17T17:42:30.4497051+03:30" testType="13cdc9d9-ddb5-4fa4-a97d-d965ccfc6d4b" outcome="Passed" testListId="8c84fa94-04c1-424b-9868-57a2d4851a1d" relativeResultsDirectory="d71f5112-6f85-4361-bf17-1b7d9ba4d410" />
    <UnitTestResult executionId="e87891a0-3a9f-4859-9f8b-651b9561f38a" testId="fc1d5910-7e9b-7443-b065-0bd57d1f5986" testName="AeroTech.Ordering.Persistence.Tests.Inbox.InboxConsumeFilterOutcomeTests.Marker_and_work_commit_in_one_save" computerName="AL-FARHADI-L" duration="00:00:00.0331811" startTime="2026-09-17T17:42:25.7902372+03:30" endTime="2026-09-17T17:42:25.7902377+03:30" testType="13cdc9d9-ddb5-4fa4-a97d-d965ccfc6d4b" outcome="Passed" testListId="8c84fa94-04c1-424b-9868-57a2d4851a1d" relativeResultsDirectory="e87891a0-3a9f-4859-9f8b-651b9561f38a" />
    <UnitTestResult executionId="e710e3d4-3fe7-4cab-b5cd-f4db61e134c6" testId="31d7b34a-f410-3a72-6d1d-ebb16c07315d" testName="AeroTech.Ordering.Persistence.Tests.Host.AnonymousSurfaceInventoryTests.Current_controller_surface_is_exactly_the_characterized_inventory" computerName="AL-FARHADI-L" duration="00:00:00.0742250" startTime="2026-09-17T17:42:19.7330915+03:30" endTime="2026-09-17T17:42:19.7330917+03:30" testType="13cdc9d9-ddb5-4fa4-a97d-d965ccfc6d4b" outcome="Passed" testListId="8c84fa94-04c1-424b-9868-57a2d4851a1d" relativeResultsDirectory="e710e3d4-3fe7-4cab-b5cd-f4db61e134c6" />
    <UnitTestResult executionId="994cd27e-723e-4aee-b4ae-83a0dd8f9e67" testId="1863aa0b-a3c8-efec-2092-fb0c0465aa76" testName="AeroTech.Ordering.Persistence.Tests.Precision.ModelPrecisionTests.Command_model_has_no_blanket_string_length" computerName="AL-FARHADI-L" duration="00:00:00.0024703" startTime="2026-09-17T17:42:24.5801619+03:30" endTime="2026-09-17T17:42:24.5801624+03:30" testType="13cdc9d9-ddb5-4fa4-a97d-d965ccfc6d4b" outcome="Passed" testListId="8c84fa94-04c1-424b-9868-57a2d4851a1d" relativeResultsDirectory="994cd27e-723e-4aee-b4ae-83a0dd8f9e67" />
    <UnitTestResult executionId="801749ff-87b3-4d68-a58a-19e35c68556a" testId="a4e2be12-41fb-cf32-f3a5-1ca9c0c10cfa" testName="AeroTech.Ordering.Persistence.Tests.Deterministic.DeterministicEffectStoreTests.Same_key_and_hash_replays_and_a_different_hash_conflicts" computerName="AL-FARHADI-L" duration="00:00:00.0316474" startTime="2026-09-17T17:42:29.9660629+03:30" endTime="2026-09-17T17:42:29.9660635+03:30" testType="13cdc9d9-ddb5-4fa4-a97d-d965ccfc6d4b" outcome="Passed" testListId="8c84fa94-04c1-424b-9868-57a2d4851a1d" relativeResultsDirectory="801749ff-87b3-4d68-a58a-19e35c68556a" />
    <UnitTestResult executionId="c5163cea-d064-4f77-8f01-4c9e7827bf35" testId="ef9cc8ee-d321-d954-5664-aa06c8f31e51" testName="AeroTech.Ordering.Persistence.Tests.Architecture.DomainMessagesAllowlistTests.Metadata_reader_sees_the_caller_context_Messages_references" computerName="AL-FARHADI-L" duration="00:00:00.0248127" startTime="2026-09-17T17:42:19.6335134+03:30" endTime="2026-09-17T17:42:19.6335139+03:30" testType="13cdc9d9-ddb5-4fa4-a97d-d965ccfc6d4b" outcome="Passed" testListId="8c84fa94-04c1-424b-9868-57a2d4851a1d" relativeResultsDirectory="c5163cea-d064-4f77-8f01-4c9e7827bf35" />
    <UnitTestResult executionId="e2293d68-3a7c-452f-ac95-ae607406931e" testId="806fda81-988d-3e5c-72c9-e603874e90e3" testName="AeroTech.Ordering.Persistence.Tests.Precision.ModelPrecisionTests.Command_model_has_explicit_precision_on_every_decimal" computerName="AL-FARHADI-L" duration="00:00:00.0016964" startTime="2026-09-17T17:42:24.5775183+03:30" endTime="2026-09-17T17:42:24.5775188+03:30" testType="13cdc9d9-ddb5-4fa4-a97d-d965ccfc6d4b" outcome="Passed" testListId="8c84fa94-04c1-424b-9868-57a2d4851a1d" relativeResultsDirectory="e2293d68-3a7c-452f-ac95-ae607406931e" />
    <UnitTestResult executionId="b154e73e-c752-4f56-a02a-075093b66b05" testId="1bf25083-1907-15d8-72a1-9719d6a773fe" testName="AeroTech.Ordering.Persistence.Tests.Precision.DecimalPrecisionTests.Amount_rate_and_quantity_round_trip_unchanged_on_sql_server" computerName="AL-FARHADI-L" duration="00:00:01.2075049" startTime="2026-09-17T17:42:24.5319781+03:30" endTime="2026-09-17T17:42:24.5319788+03:30" testType="13cdc9d9-ddb5-4fa4-a97d-d965ccfc6d4b" outcome="Passed" testListId="8c84fa94-04c1-424b-9868-57a2d4851a1d" relativeResultsDirectory="b154e73e-c752-4f56-a02a-075093b66b05" />
    <UnitTestResult executionId="ccdb7f94-cad7-4e1b-a3ff-5e9e79c725ad" testId="0b7c5834-5a41-2a24-5d64-e1601888d293" testName="AeroTech.Ordering.Persistence.Tests.Outbox.OutboxDispatcherTests.Same_event_identity_cannot_be_written_twice" computerName="AL-FARHADI-L" duration="00:00:00.0501883" startTime="2026-09-17T17:42:25.6173299+03:30" endTime="2026-09-17T17:42:25.6173305+03:30" testType="13cdc9d9-ddb5-4fa4-a97d-d965ccfc6d4b" outcome="Passed" testListId="8c84fa94-04c1-424b-9868-57a2d4851a1d" relativeResultsDirectory="ccdb7f94-cad7-4e1b-a3ff-5e9e79c725ad" />
    <UnitTestResult executionId="579e0c12-b8a1-48a9-96e6-2a59e5b936d1" testId="f28b326a-b226-e3a2-86dc-6cdb6dccfae2" testName="AeroTech.Ordering.Persistence.Tests.Inbox.InboxConsumeFilterOutcomeTests.Unrelated_sql_failure_is_rethrown_and_commits_nothing" computerName="AL-FARHADI-L" duration="00:00:00.0211793" startTime="2026-09-17T17:42:25.8335346+03:30" endTime="2026-09-17T17:42:25.8335348+03:30" testType="13cdc9d9-ddb5-4fa4-a97d-d965ccfc6d4b" outcome="Passed" testListId="8c84fa94-04c1-424b-9868-57a2d4851a1d" relativeResultsDirectory="579e0c12-b8a1-48a9-96e6-2a59e5b936d1" />
    <UnitTestResult executionId="b0af95d6-79e4-4eb2-ad9a-7239ea7640f7" testId="e906e709-8adb-693f-d4e7-b087f99fdba8" testName="AeroTech.Ordering.Persistence.Tests.Outbox.OutboxDispatcherTests.Outbox_fact_is_committed_or_rolled_back_with_the_local_transaction" computerName="AL-FARHADI-L" duration="00:00:00.0623876" startTime="2026-09-17T17:42:25.6806271+03:30" endTime="2026-09-17T17:42:25.6806274+03:30" testType="13cdc9d9-ddb5-4fa4-a97d-d965ccfc6d4b" outcome="Passed" testListId="8c84fa94-04c1-424b-9868-57a2d4851a1d" relativeResultsDirectory="b0af95d6-79e4-4eb2-ad9a-7239ea7640f7" />
    <UnitTestResult executionId="cda1da80-2253-43a3-8e49-85da99e6fd33" testId="274ea5a7-4a0f-3491-7740-0dff0ac324e3" testName="AeroTech.Ordering.Persistence.Tests.Architecture.DomainMessagesAllowlistTests.Caller_context_exposes_no_owner_airline_identity" computerName="AL-FARHADI-L" duration="00:00:00.0085831" startTime="2026-09-17T17:42:19.6228584+03:30" endTime="2026-09-17T17:42:19.6228585+03:30" testType="13cdc9d9-ddb5-4fa4-a97d-d965ccfc6d4b" outcome="Passed" testListId="8c84fa94-04c1-424b-9868-57a2d4851a1d" relativeResultsDirectory="cda1da80-2253-43a3-8e49-85da99e6fd33" />
    <UnitTestResult executionId="29b2e902-e545-4297-aa7e-30835098dc61" testId="fd071834-4edf-9839-eeff-2dbe73c459ba" testName="AeroTech.Ordering.Persistence.Tests.Architecture.DomainMessagesAllowlistTests.Allowlist_check_detects_a_forbidden_Messages_type" computerName="AL-FARHADI-L" duration="00:00:00.0011255" startTime="2026-09-17T17:42:19.7324441+03:30" endTime="2026-09-17T17:42:19.7324442+03:30" testType="13cdc9d9-ddb5-4fa4-a97d-d965ccfc6d4b" outcome="Passed" testListId="8c84fa94-04c1-424b-9868-57a2d4851a1d" relativeResultsDirectory="29b2e902-e545-4297-aa7e-30835098dc61" />
    <UnitTestResult executionId="f18a0bc9-7175-43c9-8f42-a249d1274593" testId="a9a1e732-a3a9-917a-46f6-5c35e692478f" testName="AeroTech.Ordering.Persistence.Tests.Architecture.LayerReferenceTests.Domain_references_no_infrastructure_assembly" computerName="AL-FARHADI-L" duration="00:00:00.0003329" startTime="2026-09-17T17:42:19.6227172+03:30" endTime="2026-09-17T17:42:19.6227173+03:30" testType="13cdc9d9-ddb5-4fa4-a97d-d965ccfc6d4b" outcome="Passed" testListId="8c84fa94-04c1-424b-9868-57a2d4851a1d" relativeResultsDirectory="f18a0bc9-7175-43c9-8f42-a249d1274593" />
    <UnitTestResult executionId="0cc2b6b6-fcb3-48bc-9232-2af0cfc9779d" testId="6bc07e25-3029-9b09-44d4-e21139ba89f8" testName="AeroTech.Ordering.Persistence.Tests.Inbox.InboxConsumeFilterTests.Business_crash_commits_neither_marker_nor_work_and_redelivery_commits_both_once" computerName="AL-FARHADI-L" duration="00:00:01.5415480" startTime="2026-09-17T17:42:27.4053944+03:30" endTime="2026-09-17T17:42:27.4053949+03:30" testType="13cdc9d9-ddb5-4fa4-a97d-d965ccfc6d4b" outcome="Passed" testListId="8c84fa94-04c1-424b-9868-57a2d4851a1d" relativeResultsDirectory="0cc2b6b6-fcb3-48bc-9232-2af0cfc9779d" />
    <UnitTestResult executionId="b045a8f9-f0ad-4270-a650-a73a995ac84c" testId="1dee4953-2706-31bc-2323-53f91e6f858d" testName="AeroTech.Ordering.Persistence.Tests.Inbox.InboxConsumeFilterTests.Concurrent_duplicate_marker_discards_the_losing_delivery_without_committing_its_work" computerName="AL-FARHADI-L" duration="00:00:00.1625603" startTime="2026-09-17T17:42:27.5893332+03:30" endTime="2026-09-17T17:42:27.5893337+03:30" testType="13cdc9d9-ddb5-4fa4-a97d-d965ccfc6d4b" outcome="Passed" testListId="8c84fa94-04c1-424b-9868-57a2d4851a1d" relativeResultsDirectory="b045a8f9-f0ad-4270-a650-a73a995ac84c" />
    <UnitTestResult executionId="8eb4dad6-98df-49d7-ac3c-464719440d77" testId="8f17ae6f-6c7f-4eb9-2087-1f8f58bedc63" testName="AeroTech.Ordering.Persistence.Tests.Deterministic.DeterministicEffectStoreTests.Owner_database_is_not_the_ordering_database" computerName="AL-FARHADI-L" duration="00:00:00.0038518" startTime="2026-09-17T17:42:28.8354127+03:30" endTime="2026-09-17T17:42:28.8354132+03:30" testType="13cdc9d9-ddb5-4fa4-a97d-d965ccfc6d4b" outcome="Passed" testListId="8c84fa94-04c1-424b-9868-57a2d4851a1d" relativeResultsDirectory="8eb4dad6-98df-49d7-ac3c-464719440d77" />
    <UnitTestResult executionId="bd88a928-f5d2-40ad-8cfa-e008efb09547" testId="452e0919-4d87-09a7-c2f0-6cb58b504592" testName="AeroTech.Ordering.Persistence.Tests.Inbox.InboxConsumeFilterOutcomeTests.Message_without_source_identity_is_rejected_before_the_consumer_runs" computerName="AL-FARHADI-L" duration="00:00:00.0202957" startTime="2026-09-17T17:42:25.8114441+03:30" endTime="2026-09-17T17:42:25.8114444+03:30" testType="13cdc9d9-ddb5-4fa4-a97d-d965ccfc6d4b" outcome="Passed" testListId="8c84fa94-04c1-424b-9868-57a2d4851a1d" relativeResultsDirectory="bd88a928-f5d2-40ad-8cfa-e008efb09547" />
    <UnitTestResult executionId="085aeb82-468d-4487-9e19-54f577f9c159" testId="f3542137-ca01-8e47-e030-73a995b74fa2" testName="AeroTech.Ordering.Persistence.Tests.Architecture.LayerReferenceTests.Application_references_no_infrastructure_assembly" computerName="AL-FARHADI-L" duration="00:00:00.0147868" startTime="2026-09-17T17:42:19.5988206+03:30" endTime="2026-09-17T17:42:19.5989331+03:30" testType="13cdc9d9-ddb5-4fa4-a97d-d965ccfc6d4b" outcome="Passed" testListId="8c84fa94-04c1-424b-9868-57a2d4851a1d" relativeResultsDirectory="085aeb82-468d-4487-9e19-54f577f9c159" />
    <UnitTestResult executionId="8b086d49-bfa2-486f-9120-45ba552818d1" testId="c2c47739-ecc1-5d9d-3a31-3371d0f4759a" testName="AeroTech.Ordering.Persistence.Tests.Inbox.InboxConsumeFilterOutcomeTests.Concurrent_duplicate_marker_is_discarded_without_committing_the_losing_work" computerName="AL-FARHADI-L" duration="00:00:00.0277099" startTime="2026-09-17T17:42:25.8622361+03:30" endTime="2026-09-17T17:42:25.8622364+03:30" testType="13cdc9d9-ddb5-4fa4-a97d-d965ccfc6d4b" outcome="Passed" testListId="8c84fa94-04c1-424b-9868-57a2d4851a1d" relativeResultsDirectory="8b086d49-bfa2-486f-9120-45ba552818d1" />
  </Results>
  <TestDefinitions>
    <UnitTest name="AeroTech.Ordering.Persistence.Tests.Outbox.OutboxDispatcherTests.Same_event_identity_cannot_be_written_twice" storage="e:\projects\dotair\aerotech.ordering\tests\aerotech.ordering.persistence.tests\bin\debug\net10.0\aerotech.ordering.persistence.tests.dll" id="0b7c5834-5a41-2a24-5d64-e1601888d293">
      <Execution id="ccdb7f94-cad7-4e1b-a3ff-5e9e79c725ad" />
      <TestMethod codeBase="E:\Projects\DotAir\AeroTech.Ordering\tests\AeroTech.Ordering.Persistence.Tests\bin\Debug\net10.0\AeroTech.Ordering.Persistence.Tests.dll" adapterTypeName="executor://xunit/VsTestRunner2/netcoreapp" className="AeroTech.Ordering.Persistence.Tests.Outbox.OutboxDispatcherTests" name="Same_event_identity_cannot_be_written_twice" />
    </UnitTest>
    <UnitTest name="AeroTech.Ordering.Persistence.Tests.Precision.DecimalPrecisionTests.The_removed_blanket_precision_would_have_truncated_the_values" storage="e:\projects\dotair\aerotech.ordering\tests\aerotech.ordering.persistence.tests\bin\debug\net10.0\aerotech.ordering.persistence.tests.dll" id="6103cffd-6578-ff3d-6621-f1db5a771581">
      <Execution id="bbe80ef5-6818-45c8-b27b-16d40d2ac98e" />
      <TestMethod codeBase="E:\Projects\DotAir\AeroTech.Ordering\tests\AeroTech.Ordering.Persistence.Tests\bin\Debug\net10.0\AeroTech.Ordering.Persistence.Tests.dll" adapterTypeName="executor://xunit/VsTestRunner2/netcoreapp" className="AeroTech.Ordering.Persistence.Tests.Precision.DecimalPrecisionTests" name="The_removed_blanket_precision_would_have_truncated_the_values" />
    </UnitTest>
    <UnitTest name="AeroTech.Ordering.Persistence.Tests.Precision.DecimalPrecisionTests.Amount_rate_and_quantity_round_trip_unchanged_on_sql_server" storage="e:\projects\dotair\aerotech.ordering\tests\aerotech.ordering.persistence.tests\bin\debug\net10.0\aerotech.ordering.persistence.tests.dll" id="1bf25083-1907-15d8-72a1-9719d6a773fe">
      <Execution id="b154e73e-c752-4f56-a02a-075093b66b05" />
      <TestMethod codeBase="E:\Projects\DotAir\AeroTech.Ordering\tests\AeroTech.Ordering.Persistence.Tests\bin\Debug\net10.0\AeroTech.Ordering.Persistence.Tests.dll" adapterTypeName="executor://xunit/VsTestRunner2/netcoreapp" className="AeroTech.Ordering.Persistence.Tests.Precision.DecimalPrecisionTests" name="Amount_rate_and_quantity_round_trip_unchanged_on_sql_server" />
    </UnitTest>
    <UnitTest name="AeroTech.Ordering.Persistence.Tests.Deterministic.DeterministicEffectStoreTests.Owner_effect_survives_an_ordering_rollback_and_a_restart" storage="e:\projects\dotair\aerotech.ordering\tests\aerotech.ordering.persistence.tests\bin\debug\net10.0\aerotech.ordering.persistence.tests.dll" id="5e09e745-c4c8-bd56-ffcc-7232381d433f">
      <Execution id="b8a4a6cb-4298-423b-ae5a-a99c86ad4b38" />
      <TestMethod codeBase="E:\Projects\DotAir\AeroTech.Ordering\tests\AeroTech.Ordering.Persistence.Tests\bin\Debug\net10.0\AeroTech.Ordering.Persistence.Tests.dll" adapterTypeName="executor://xunit/VsTestRunner2/netcoreapp" className="AeroTech.Ordering.Persistence.Tests.Deterministic.DeterministicEffectStoreTests" name="Owner_effect_survives_an_ordering_rollback_and_a_restart" />
    </UnitTest>
    <UnitTest name="AeroTech.Ordering.Persistence.Tests.Architecture.DomainMessagesAllowlistTests.Caller_context_exposes_no_owner_airline_identity" storage="e:\projects\dotair\aerotech.ordering\tests\aerotech.ordering.persistence.tests\bin\debug\net10.0\aerotech.ordering.persistence.tests.dll" id="274ea5a7-4a0f-3491-7740-0dff0ac324e3">
      <Execution id="cda1da80-2253-43a3-8e49-85da99e6fd33" />
      <TestMethod codeBase="E:\Projects\DotAir\AeroTech.Ordering\tests\AeroTech.Ordering.Persistence.Tests\bin\Debug\net10.0\AeroTech.Ordering.Persistence.Tests.dll" adapterTypeName="executor://xunit/VsTestRunner2/netcoreapp" className="AeroTech.Ordering.Persistence.Tests.Architecture.DomainMessagesAllowlistTests" name="Caller_context_exposes_no_owner_airline_identity" />
    </UnitTest>
    <UnitTest name="AeroTech.Ordering.Persistence.Tests.Outbox.OutboxDispatcherTests.Expired_lease_holder_cannot_complete_a_row_claimed_by_another_publisher" storage="e:\projects\dotair\aerotech.ordering\tests\aerotech.ordering.persistence.tests\bin\debug\net10.0\aerotech.ordering.persistence.tests.dll" id="f98d45b9-cd1e-2279-1c15-885d0f9768b5">
      <Execution id="d9e65e16-9219-4c6e-8322-a963cb78dd33" />
      <TestMethod codeBase="E:\Projects\DotAir\AeroTech.Ordering\tests\AeroTech.Ordering.Persistence.Tests\bin\Debug\net10.0\AeroTech.Ordering.Persistence.Tests.dll" adapterTypeName="executor://xunit/VsTestRunner2/netcoreapp" className="AeroTech.Ordering.Persistence.Tests.Outbox.OutboxDispatcherTests" name="Expired_lease_holder_cannot_complete_a_row_claimed_by_another_publisher" />
    </UnitTest>
    <UnitTest name="AeroTech.Ordering.Persistence.Tests.Composition.HostCompositionTests.Host_composes_with_real_bindings_and_one_unit_of_work" storage="e:\projects\dotair\aerotech.ordering\tests\aerotech.ordering.persistence.tests\bin\debug\net10.0\aerotech.ordering.persistence.tests.dll" id="ce723d3e-572b-c008-9514-11f2d1e62fec">
      <Execution id="2b6bf763-90cf-4c89-b07e-484f0999b747" />
      <TestMethod codeBase="E:\Projects\DotAir\AeroTech.Ordering\tests\AeroTech.Ordering.Persistence.Tests\bin\Debug\net10.0\AeroTech.Ordering.Persistence.Tests.dll" adapterTypeName="executor://xunit/VsTestRunner2/netcoreapp" className="AeroTech.Ordering.Persistence.Tests.Composition.HostCompositionTests" name="Host_composes_with_real_bindings_and_one_unit_of_work" />
    </UnitTest>
    <UnitTest name="AeroTech.Ordering.Persistence.Tests.Inbox.InboxConsumeFilterTests.Classifier_accepts_only_the_inbox_key_violation" storage="e:\projects\dotair\aerotech.ordering\tests\aerotech.ordering.persistence.tests\bin\debug\net10.0\aerotech.ordering.persistence.tests.dll" id="ac0cffaf-9f34-581b-25e3-220747e6735d">
      <Execution id="972fb020-031a-4a47-9ad8-080f95ef2b0e" />
      <TestMethod codeBase="E:\Projects\DotAir\AeroTech.Ordering\tests\AeroTech.Ordering.Persistence.Tests\bin\Debug\net10.0\AeroTech.Ordering.Persistence.Tests.dll" adapterTypeName="executor://xunit/VsTestRunner2/netcoreapp" className="AeroTech.Ordering.Persistence.Tests.Inbox.InboxConsumeFilterTests" name="Classifier_accepts_only_the_inbox_key_violation" />
    </UnitTest>
    <UnitTest name="AeroTech.Ordering.Persistence.Tests.Deterministic.DeterministicEffectStoreTests.Owner_database_is_not_the_ordering_database" storage="e:\projects\dotair\aerotech.ordering\tests\aerotech.ordering.persistence.tests\bin\debug\net10.0\aerotech.ordering.persistence.tests.dll" id="8f17ae6f-6c7f-4eb9-2087-1f8f58bedc63">
      <Execution id="8eb4dad6-98df-49d7-ac3c-464719440d77" />
      <TestMethod codeBase="E:\Projects\DotAir\AeroTech.Ordering\tests\AeroTech.Ordering.Persistence.Tests\bin\Debug\net10.0\AeroTech.Ordering.Persistence.Tests.dll" adapterTypeName="executor://xunit/VsTestRunner2/netcoreapp" className="AeroTech.Ordering.Persistence.Tests.Deterministic.DeterministicEffectStoreTests" name="Owner_database_is_not_the_ordering_database" />
    </UnitTest>
    <UnitTest name="AeroTech.Ordering.Persistence.Tests.Precision.ModelPrecisionTests.Command_model_has_no_blanket_string_length" storage="e:\projects\dotair\aerotech.ordering\tests\aerotech.ordering.persistence.tests\bin\debug\net10.0\aerotech.ordering.persistence.tests.dll" id="1863aa0b-a3c8-efec-2092-fb0c0465aa76">
      <Execution id="994cd27e-723e-4aee-b4ae-83a0dd8f9e67" />
      <TestMethod codeBase="E:\Projects\DotAir\AeroTech.Ordering\tests\AeroTech.Ordering.Persistence.Tests\bin\Debug\net10.0\AeroTech.Ordering.Persistence.Tests.dll" adapterTypeName="executor://xunit/VsTestRunner2/netcoreapp" className="AeroTech.Ordering.Persistence.Tests.Precision.ModelPrecisionTests" name="Command_model_has_no_blanket_string_length" />
    </UnitTest>
    <UnitTest name="AeroTech.Ordering.Persistence.Tests.Composition.HostCompositionTests.Host_composes_with_deterministic_adapters_only_when_the_existing_flag_is_true" storage="e:\projects\dotair\aerotech.ordering\tests\aerotech.ordering.persistence.tests\bin\debug\net10.0\aerotech.ordering.persistence.tests.dll" id="7a645235-e288-4cc9-6c82-28ac94ecf7c0">
      <Execution id="12642945-0644-40c4-b55d-001fd08de95d" />
      <TestMethod codeBase="E:\Projects\DotAir\AeroTech.Ordering\tests\AeroTech.Ordering.Persistence.Tests\bin\Debug\net10.0\AeroTech.Ordering.Persistence.Tests.dll" adapterTypeName="executor://xunit/VsTestRunner2/netcoreapp" className="AeroTech.Ordering.Persistence.Tests.Composition.HostCompositionTests" name="Host_composes_with_deterministic_adapters_only_when_the_existing_flag_is_true" />
    </UnitTest>
    <UnitTest name="AeroTech.Ordering.Persistence.Tests.Inbox.InboxConsumeFilterTests.Concurrent_duplicate_marker_discards_the_losing_delivery_without_committing_its_work" storage="e:\projects\dotair\aerotech.ordering\tests\aerotech.ordering.persistence.tests\bin\debug\net10.0\aerotech.ordering.persistence.tests.dll" id="1dee4953-2706-31bc-2323-53f91e6f858d">
      <Execution id="b045a8f9-f0ad-4270-a650-a73a995ac84c" />
      <TestMethod codeBase="E:\Projects\DotAir\AeroTech.Ordering\tests\AeroTech.Ordering.Persistence.Tests\bin\Debug\net10.0\AeroTech.Ordering.Persistence.Tests.dll" adapterTypeName="executor://xunit/VsTestRunner2/netcoreapp" className="AeroTech.Ordering.Persistence.Tests.Inbox.InboxConsumeFilterTests" name="Concurrent_duplicate_marker_discards_the_losing_delivery_without_committing_its_work" />
    </UnitTest>
    <UnitTest name="AeroTech.Ordering.Persistence.Tests.Inbox.InboxConsumeFilterOutcomeTests.Marker_and_work_commit_in_one_save" storage="e:\projects\dotair\aerotech.ordering\tests\aerotech.ordering.persistence.tests\bin\debug\net10.0\aerotech.ordering.persistence.tests.dll" id="fc1d5910-7e9b-7443-b065-0bd57d1f5986">
      <Execution id="e87891a0-3a9f-4859-9f8b-651b9561f38a" />
      <TestMethod codeBase="E:\Projects\DotAir\AeroTech.Ordering\tests\AeroTech.Ordering.Persistence.Tests\bin\Debug\net10.0\AeroTech.Ordering.Persistence.Tests.dll" adapterTypeName="executor://xunit/VsTestRunner2/netcoreapp" className="AeroTech.Ordering.Persistence.Tests.Inbox.InboxConsumeFilterOutcomeTests" name="Marker_and_work_commit_in_one_save" />
    </UnitTest>
    <UnitTest name="AeroTech.Ordering.Persistence.Tests.Inbox.InboxConsumeFilterOutcomeTests.Already_processed_message_does_not_reach_the_consumer" storage="e:\projects\dotair\aerotech.ordering\tests\aerotech.ordering.persistence.tests\bin\debug\net10.0\aerotech.ordering.persistence.tests.dll" id="2350c248-dc09-31d6-968a-adb1706147b4">
      <Execution id="db5238ba-8e5c-4eb6-b551-af904e35b1e3" />
      <TestMethod codeBase="E:\Projects\DotAir\AeroTech.Ordering\tests\AeroTech.Ordering.Persistence.Tests\bin\Debug\net10.0\AeroTech.Ordering.Persistence.Tests.dll" adapterTypeName="executor://xunit/VsTestRunner2/netcoreapp" className="AeroTech.Ordering.Persistence.Tests.Inbox.InboxConsumeFilterOutcomeTests" name="Already_processed_message_does_not_reach_the_consumer" />
    </UnitTest>
    <UnitTest name="AeroTech.Ordering.Persistence.Tests.Precision.ModelPrecisionTests.Query_model_has_explicit_precision_on_every_owned_decimal" storage="e:\projects\dotair\aerotech.ordering\tests\aerotech.ordering.persistence.tests\bin\debug\net10.0\aerotech.ordering.persistence.tests.dll" id="dfde8ef7-96a0-c53f-ce54-d5d8c077a8aa">
      <Execution id="f8807ead-55f7-40c3-9ccc-c3fd55b8f13b" />
      <TestMethod codeBase="E:\Projects\DotAir\AeroTech.Ordering\tests\AeroTech.Ordering.Persistence.Tests\bin\Debug\net10.0\AeroTech.Ordering.Persistence.Tests.dll" adapterTypeName="executor://xunit/VsTestRunner2/netcoreapp" className="AeroTech.Ordering.Persistence.Tests.Precision.ModelPrecisionTests" name="Query_model_has_explicit_precision_on_every_owned_decimal" />
    </UnitTest>
    <UnitTest name="AeroTech.Ordering.Persistence.Tests.Precision.ModelPrecisionTests.Command_model_has_explicit_precision_on_every_decimal" storage="e:\projects\dotair\aerotech.ordering\tests\aerotech.ordering.persistence.tests\bin\debug\net10.0\aerotech.ordering.persistence.tests.dll" id="806fda81-988d-3e5c-72c9-e603874e90e3">
      <Execution id="e2293d68-3a7c-452f-ac95-ae607406931e" />
      <TestMethod codeBase="E:\Projects\DotAir\AeroTech.Ordering\tests\AeroTech.Ordering.Persistence.Tests\bin\Debug\net10.0\AeroTech.Ordering.Persistence.Tests.dll" adapterTypeName="executor://xunit/VsTestRunner2/netcoreapp" className="AeroTech.Ordering.Persistence.Tests.Precision.ModelPrecisionTests" name="Command_model_has_explicit_precision_on_every_decimal" />
    </UnitTest>
    <UnitTest name="AeroTech.Ordering.Persistence.Tests.Inbox.InboxConsumeFilterOutcomeTests.Unrelated_sql_failure_is_rethrown_and_commits_nothing" storage="e:\projects\dotair\aerotech.ordering\tests\aerotech.ordering.persistence.tests\bin\debug\net10.0\aerotech.ordering.persistence.tests.dll" id="f28b326a-b226-e3a2-86dc-6cdb6dccfae2">
      <Execution id="579e0c12-b8a1-48a9-96e6-2a59e5b936d1" />
      <TestMethod codeBase="E:\Projects\DotAir\AeroTech.Ordering\tests\AeroTech.Ordering.Persistence.Tests\bin\Debug\net10.0\AeroTech.Ordering.Persistence.Tests.dll" adapterTypeName="executor://xunit/VsTestRunner2/netcoreapp" className="AeroTech.Ordering.Persistence.Tests.Inbox.InboxConsumeFilterOutcomeTests" name="Unrelated_sql_failure_is_rethrown_and_commits_nothing" />
    </UnitTest>
    <UnitTest name="AeroTech.Ordering.Persistence.Tests.Architecture.DomainMessagesAllowlistTests.Metadata_reader_sees_the_caller_context_Messages_references" storage="e:\projects\dotair\aerotech.ordering\tests\aerotech.ordering.persistence.tests\bin\debug\net10.0\aerotech.ordering.persistence.tests.dll" id="ef9cc8ee-d321-d954-5664-aa06c8f31e51">
      <Execution id="c5163cea-d064-4f77-8f01-4c9e7827bf35" />
      <TestMethod codeBase="E:\Projects\DotAir\AeroTech.Ordering\tests\AeroTech.Ordering.Persistence.Tests\bin\Debug\net10.0\AeroTech.Ordering.Persistence.Tests.dll" adapterTypeName="executor://xunit/VsTestRunner2/netcoreapp" className="AeroTech.Ordering.Persistence.Tests.Architecture.DomainMessagesAllowlistTests" name="Metadata_reader_sees_the_caller_context_Messages_references" />
    </UnitTest>
    <UnitTest name="AeroTech.Ordering.Persistence.Tests.Inbox.InboxConsumeFilterOutcomeTests.Message_without_source_identity_is_rejected_before_the_consumer_runs" storage="e:\projects\dotair\aerotech.ordering\tests\aerotech.ordering.persistence.tests\bin\debug\net10.0\aerotech.ordering.persistence.tests.dll" id="452e0919-4d87-09a7-c2f0-6cb58b504592">
      <Execution id="bd88a928-f5d2-40ad-8cfa-e008efb09547" />
      <TestMethod codeBase="E:\Projects\DotAir\AeroTech.Ordering\tests\AeroTech.Ordering.Persistence.Tests\bin\Debug\net10.0\AeroTech.Ordering.Persistence.Tests.dll" adapterTypeName="executor://xunit/VsTestRunner2/netcoreapp" className="AeroTech.Ordering.Persistence.Tests.Inbox.InboxConsumeFilterOutcomeTests" name="Message_without_source_identity_is_rejected_before_the_consumer_runs" />
    </UnitTest>
    <UnitTest name="AeroTech.Ordering.Persistence.Tests.Host.AnonymousSurfaceInventoryTests.Current_controller_surface_is_exactly_the_characterized_inventory" storage="e:\projects\dotair\aerotech.ordering\tests\aerotech.ordering.persistence.tests\bin\debug\net10.0\aerotech.ordering.persistence.tests.dll" id="31d7b34a-f410-3a72-6d1d-ebb16c07315d">
      <Execution id="e710e3d4-3fe7-4cab-b5cd-f4db61e134c6" />
      <TestMethod codeBase="E:\Projects\DotAir\AeroTech.Ordering\tests\AeroTech.Ordering.Persistence.Tests\bin\Debug\net10.0\AeroTech.Ordering.Persistence.Tests.dll" adapterTypeName="executor://xunit/VsTestRunner2/netcoreapp" className="AeroTech.Ordering.Persistence.Tests.Host.AnonymousSurfaceInventoryTests" name="Current_controller_surface_is_exactly_the_characterized_inventory" />
    </UnitTest>
    <UnitTest name="AeroTech.Ordering.Persistence.Tests.Architecture.LayerReferenceTests.Domain_references_no_infrastructure_assembly" storage="e:\projects\dotair\aerotech.ordering\tests\aerotech.ordering.persistence.tests\bin\debug\net10.0\aerotech.ordering.persistence.tests.dll" id="a9a1e732-a3a9-917a-46f6-5c35e692478f">
      <Execution id="f18a0bc9-7175-43c9-8f42-a249d1274593" />
      <TestMethod codeBase="E:\Projects\DotAir\AeroTech.Ordering\tests\AeroTech.Ordering.Persistence.Tests\bin\Debug\net10.0\AeroTech.Ordering.Persistence.Tests.dll" adapterTypeName="executor://xunit/VsTestRunner2/netcoreapp" className="AeroTech.Ordering.Persistence.Tests.Architecture.LayerReferenceTests" name="Domain_references_no_infrastructure_assembly" />
    </UnitTest>
    <UnitTest name="AeroTech.Ordering.Persistence.Tests.Architecture.LayerReferenceTests.Application_references_no_infrastructure_assembly" storage="e:\projects\dotair\aerotech.ordering\tests\aerotech.ordering.persistence.tests\bin\debug\net10.0\aerotech.ordering.persistence.tests.dll" id="f3542137-ca01-8e47-e030-73a995b74fa2">
      <Execution id="085aeb82-468d-4487-9e19-54f577f9c159" />
      <TestMethod codeBase="E:\Projects\DotAir\AeroTech.Ordering\tests\AeroTech.Ordering.Persistence.Tests\bin\Debug\net10.0\AeroTech.Ordering.Persistence.Tests.dll" adapterTypeName="executor://xunit/VsTestRunner2/netcoreapp" className="AeroTech.Ordering.Persistence.Tests.Architecture.LayerReferenceTests" name="Application_references_no_infrastructure_assembly" />
    </UnitTest>
    <UnitTest name="AeroTech.Ordering.Persistence.Tests.Outbox.OutboxDispatcherTests.Outbox_fact_is_committed_or_rolled_back_with_the_local_transaction" storage="e:\projects\dotair\aerotech.ordering\tests\aerotech.ordering.persistence.tests\bin\debug\net10.0\aerotech.ordering.persistence.tests.dll" id="e906e709-8adb-693f-d4e7-b087f99fdba8">
      <Execution id="b0af95d6-79e4-4eb2-ad9a-7239ea7640f7" />
      <TestMethod codeBase="E:\Projects\DotAir\AeroTech.Ordering\tests\AeroTech.Ordering.Persistence.Tests\bin\Debug\net10.0\AeroTech.Ordering.Persistence.Tests.dll" adapterTypeName="executor://xunit/VsTestRunner2/netcoreapp" className="AeroTech.Ordering.Persistence.Tests.Outbox.OutboxDispatcherTests" name="Outbox_fact_is_committed_or_rolled_back_with_the_local_transaction" />
    </UnitTest>
    <UnitTest name="AeroTech.Ordering.Persistence.Tests.Composition.SingleRegistrationGuardTests.Single_bindings_pass" storage="e:\projects\dotair\aerotech.ordering\tests\aerotech.ordering.persistence.tests\bin\debug\net10.0\aerotech.ordering.persistence.tests.dll" id="7179356a-11ea-06cf-2be5-5134fe9fff94">
      <Execution id="5befc42f-144a-4764-a634-695f75cca5cf" />
      <TestMethod codeBase="E:\Projects\DotAir\AeroTech.Ordering\tests\AeroTech.Ordering.Persistence.Tests\bin\Debug\net10.0\AeroTech.Ordering.Persistence.Tests.dll" adapterTypeName="executor://xunit/VsTestRunner2/netcoreapp" className="AeroTech.Ordering.Persistence.Tests.Composition.SingleRegistrationGuardTests" name="Single_bindings_pass" />
    </UnitTest>
    <UnitTest name="AeroTech.Ordering.Persistence.Tests.Composition.SingleRegistrationGuardTests.Real_and_deterministic_binding_of_the_same_contract_fail_with_the_named_duplicate" storage="e:\projects\dotair\aerotech.ordering\tests\aerotech.ordering.persistence.tests\bin\debug\net10.0\aerotech.ordering.persistence.tests.dll" id="e4e92790-5359-1360-2c04-ea8ed7cd25c1">
      <Execution id="cbc6f262-4371-42a2-96a4-b6de76f9d35e" />
      <TestMethod codeBase="E:\Projects\DotAir\AeroTech.Ordering\tests\AeroTech.Ordering.Persistence.Tests\bin\Debug\net10.0\AeroTech.Ordering.Persistence.Tests.dll" adapterTypeName="executor://xunit/VsTestRunner2/netcoreapp" className="AeroTech.Ordering.Persistence.Tests.Composition.SingleRegistrationGuardTests" name="Real_and_deterministic_binding_of_the_same_contract_fail_with_the_named_duplicate" />
    </UnitTest>
    <UnitTest name="AeroTech.Ordering.Persistence.Tests.Inbox.InboxConsumeFilterTests.Business_crash_commits_neither_marker_nor_work_and_redelivery_commits_both_once" storage="e:\projects\dotair\aerotech.ordering\tests\aerotech.ordering.persistence.tests\bin\debug\net10.0\aerotech.ordering.persistence.tests.dll" id="6bc07e25-3029-9b09-44d4-e21139ba89f8">
      <Execution id="0cc2b6b6-fcb3-48bc-9232-2af0cfc9779d" />
      <TestMethod codeBase="E:\Projects\DotAir\AeroTech.Ordering\tests\AeroTech.Ordering.Persistence.Tests\bin\Debug\net10.0\AeroTech.Ordering.Persistence.Tests.dll" adapterTypeName="executor://xunit/VsTestRunner2/netcoreapp" className="AeroTech.Ordering.Persistence.Tests.Inbox.InboxConsumeFilterTests" name="Business_crash_commits_neither_marker_nor_work_and_redelivery_commits_both_once" />
    </UnitTest>
    <UnitTest name="AeroTech.Ordering.Persistence.Tests.Outbox.OutboxDispatcherTests.Two_publishers_never_hold_the_same_row" storage="e:\projects\dotair\aerotech.ordering\tests\aerotech.ordering.persistence.tests\bin\debug\net10.0\aerotech.ordering.persistence.tests.dll" id="cd14cdcd-5b11-36de-b70a-1983b78ca60b">
      <Execution id="947bb552-beb7-4bc8-bc45-482af4a3a413" />
      <TestMethod codeBase="E:\Projects\DotAir\AeroTech.Ordering\tests\AeroTech.Ordering.Persistence.Tests\bin\Debug\net10.0\AeroTech.Ordering.Persistence.Tests.dll" adapterTypeName="executor://xunit/VsTestRunner2/netcoreapp" className="AeroTech.Ordering.Persistence.Tests.Outbox.OutboxDispatcherTests" name="Two_publishers_never_hold_the_same_row" />
    </UnitTest>
    <UnitTest name="AeroTech.Ordering.Persistence.Tests.Outbox.OutboxDispatcherTests.Unusable_row_is_recorded_as_failed_and_does_not_block_usable_rows" storage="e:\projects\dotair\aerotech.ordering\tests\aerotech.ordering.persistence.tests\bin\debug\net10.0\aerotech.ordering.persistence.tests.dll" id="a509b415-7a34-2926-2ac9-9c2a4ca792f1">
      <Execution id="45cef98d-bdbb-4923-81c4-41f1adaa2779" />
      <TestMethod codeBase="E:\Projects\DotAir\AeroTech.Ordering\tests\AeroTech.Ordering.Persistence.Tests\bin\Debug\net10.0\AeroTech.Ordering.Persistence.Tests.dll" adapterTypeName="executor://xunit/VsTestRunner2/netcoreapp" className="AeroTech.Ordering.Persistence.Tests.Outbox.OutboxDispatcherTests" name="Unusable_row_is_recorded_as_failed_and_does_not_block_usable_rows" />
    </UnitTest>
    <UnitTest name="AeroTech.Ordering.Persistence.Tests.Architecture.DomainMessagesAllowlistTests.Allowlist_check_detects_a_forbidden_Messages_type" storage="e:\projects\dotair\aerotech.ordering\tests\aerotech.ordering.persistence.tests\bin\debug\net10.0\aerotech.ordering.persistence.tests.dll" id="fd071834-4edf-9839-eeff-2dbe73c459ba">
      <Execution id="29b2e902-e545-4297-aa7e-30835098dc61" />
      <TestMethod codeBase="E:\Projects\DotAir\AeroTech.Ordering\tests\AeroTech.Ordering.Persistence.Tests\bin\Debug\net10.0\AeroTech.Ordering.Persistence.Tests.dll" adapterTypeName="executor://xunit/VsTestRunner2/netcoreapp" className="AeroTech.Ordering.Persistence.Tests.Architecture.DomainMessagesAllowlistTests" name="Allowlist_check_detects_a_forbidden_Messages_type" />
    </UnitTest>
    <UnitTest name="AeroTech.Ordering.Persistence.Tests.Architecture.DomainMessagesAllowlistTests.Domain_uses_only_allowlisted_Messages_types" storage="e:\projects\dotair\aerotech.ordering\tests\aerotech.ordering.persistence.tests\bin\debug\net10.0\aerotech.ordering.persistence.tests.dll" id="90a4322e-ca04-9578-e046-d7476ddec83d">
      <Execution id="364569a3-1940-413e-9f7e-ae1b420b61fc" />
      <TestMethod codeBase="E:\Projects\DotAir\AeroTech.Ordering\tests\AeroTech.Ordering.Persistence.Tests\bin\Debug\net10.0\AeroTech.Ordering.Persistence.Tests.dll" adapterTypeName="executor://xunit/VsTestRunner2/netcoreapp" className="AeroTech.Ordering.Persistence.Tests.Architecture.DomainMessagesAllowlistTests" name="Domain_uses_only_allowlisted_Messages_types" />
    </UnitTest>
    <UnitTest name="AeroTech.Ordering.Persistence.Tests.Deterministic.DeterministicEffectStoreTests.Same_key_and_hash_replays_and_a_different_hash_conflicts" storage="e:\projects\dotair\aerotech.ordering\tests\aerotech.ordering.persistence.tests\bin\debug\net10.0\aerotech.ordering.persistence.tests.dll" id="a4e2be12-41fb-cf32-f3a5-1ca9c0c10cfa">
      <Execution id="801749ff-87b3-4d68-a58a-19e35c68556a" />
      <TestMethod codeBase="E:\Projects\DotAir\AeroTech.Ordering\tests\AeroTech.Ordering.Persistence.Tests\bin\Debug\net10.0\AeroTech.Ordering.Persistence.Tests.dll" adapterTypeName="executor://xunit/VsTestRunner2/netcoreapp" className="AeroTech.Ordering.Persistence.Tests.Deterministic.DeterministicEffectStoreTests" name="Same_key_and_hash_replays_and_a_different_hash_conflicts" />
    </UnitTest>
    <UnitTest name="AeroTech.Ordering.Persistence.Tests.Composition.SingleRegistrationGuardTests.Two_unit_of_work_registrations_fail_with_the_named_duplicate" storage="e:\projects\dotair\aerotech.ordering\tests\aerotech.ordering.persistence.tests\bin\debug\net10.0\aerotech.ordering.persistence.tests.dll" id="7013998d-b542-f763-6ff4-3e6c629ebffb">
      <Execution id="6f329908-187f-410d-88b5-3bbcc168c118" />
      <TestMethod codeBase="E:\Projects\DotAir\AeroTech.Ordering\tests\AeroTech.Ordering.Persistence.Tests\bin\Debug\net10.0\AeroTech.Ordering.Persistence.Tests.dll" adapterTypeName="executor://xunit/VsTestRunner2/netcoreapp" className="AeroTech.Ordering.Persistence.Tests.Composition.SingleRegistrationGuardTests" name="Two_unit_of_work_registrations_fail_with_the_named_duplicate" />
    </UnitTest>
    <UnitTest name="AeroTech.Ordering.Persistence.Tests.Composition.HostCompositionTests.Missing_broker_configuration_fails_startup" storage="e:\projects\dotair\aerotech.ordering\tests\aerotech.ordering.persistence.tests\bin\debug\net10.0\aerotech.ordering.persistence.tests.dll" id="576970ba-53c8-5312-d355-ec628534023d">
      <Execution id="1d17fcfb-6bf2-4d44-a6ab-7c2e536f0820" />
      <TestMethod codeBase="E:\Projects\DotAir\AeroTech.Ordering\tests\AeroTech.Ordering.Persistence.Tests\bin\Debug\net10.0\AeroTech.Ordering.Persistence.Tests.dll" adapterTypeName="executor://xunit/VsTestRunner2/netcoreapp" className="AeroTech.Ordering.Persistence.Tests.Composition.HostCompositionTests" name="Missing_broker_configuration_fails_startup" />
    </UnitTest>
    <UnitTest name="AeroTech.Ordering.Persistence.Tests.Inbox.InboxConsumeFilterOutcomeTests.Concurrent_duplicate_marker_is_discarded_without_committing_the_losing_work" storage="e:\projects\dotair\aerotech.ordering\tests\aerotech.ordering.persistence.tests\bin\debug\net10.0\aerotech.ordering.persistence.tests.dll" id="c2c47739-ecc1-5d9d-3a31-3371d0f4759a">
      <Execution id="8b086d49-bfa2-486f-9120-45ba552818d1" />
      <TestMethod codeBase="E:\Projects\DotAir\AeroTech.Ordering\tests\AeroTech.Ordering.Persistence.Tests\bin\Debug\net10.0\AeroTech.Ordering.Persistence.Tests.dll" adapterTypeName="executor://xunit/VsTestRunner2/netcoreapp" className="AeroTech.Ordering.Persistence.Tests.Inbox.InboxConsumeFilterOutcomeTests" name="Concurrent_duplicate_marker_is_discarded_without_committing_the_losing_work" />
    </UnitTest>
    <UnitTest name="AeroTech.Ordering.Persistence.Tests.Outbox.OutboxDispatcherTests.Lost_acknowledgement_republishes_the_same_identity_and_payload_and_the_receiver_commits_one_fact" storage="e:\projects\dotair\aerotech.ordering\tests\aerotech.ordering.persistence.tests\bin\debug\net10.0\aerotech.ordering.persistence.tests.dll" id="ab448388-39b8-866f-d2b3-4730b8dea2f4">
      <Execution id="dfe224bf-0463-4998-8e9a-1f781f8f88b0" />
      <TestMethod codeBase="E:\Projects\DotAir\AeroTech.Ordering\tests\AeroTech.Ordering.Persistence.Tests\bin\Debug\net10.0\AeroTech.Ordering.Persistence.Tests.dll" adapterTypeName="executor://xunit/VsTestRunner2/netcoreapp" className="AeroTech.Ordering.Persistence.Tests.Outbox.OutboxDispatcherTests" name="Lost_acknowledgement_republishes_the_same_identity_and_payload_and_the_receiver_commits_one_fact" />
    </UnitTest>
    <UnitTest name="AeroTech.Ordering.Persistence.Tests.Composition.HostCompositionTests.Deterministic_flag_without_its_own_database_fails_closed" storage="e:\projects\dotair\aerotech.ordering\tests\aerotech.ordering.persistence.tests\bin\debug\net10.0\aerotech.ordering.persistence.tests.dll" id="5628be98-33f1-45ff-365b-884f9b0ea074">
      <Execution id="d71f5112-6f85-4361-bf17-1b7d9ba4d410" />
      <TestMethod codeBase="E:\Projects\DotAir\AeroTech.Ordering\tests\AeroTech.Ordering.Persistence.Tests\bin\Debug\net10.0\AeroTech.Ordering.Persistence.Tests.dll" adapterTypeName="executor://xunit/VsTestRunner2/netcoreapp" className="AeroTech.Ordering.Persistence.Tests.Composition.HostCompositionTests" name="Deterministic_flag_without_its_own_database_fails_closed" />
    </UnitTest>
    <UnitTest name="AeroTech.Ordering.Persistence.Tests.Inbox.InboxConsumeFilterTests.Unrelated_sql_failure_is_not_classified_as_a_duplicate" storage="e:\projects\dotair\aerotech.ordering\tests\aerotech.ordering.persistence.tests\bin\debug\net10.0\aerotech.ordering.persistence.tests.dll" id="8eccce5f-e7a2-d580-f42d-0e56db5c9a8f">
      <Execution id="09857a56-3e03-4684-9399-57aa5ef3cda0" />
      <TestMethod codeBase="E:\Projects\DotAir\AeroTech.Ordering\tests\AeroTech.Ordering.Persistence.Tests\bin\Debug\net10.0\AeroTech.Ordering.Persistence.Tests.dll" adapterTypeName="executor://xunit/VsTestRunner2/netcoreapp" className="AeroTech.Ordering.Persistence.Tests.Inbox.InboxConsumeFilterTests" name="Unrelated_sql_failure_is_not_classified_as_a_duplicate" />
    </UnitTest>
  </TestDefinitions>
  <TestEntries>
    <TestEntry testId="ce723d3e-572b-c008-9514-11f2d1e62fec" executionId="2b6bf763-90cf-4c89-b07e-484f0999b747" testListId="8c84fa94-04c1-424b-9868-57a2d4851a1d" />
    <TestEntry testId="dfde8ef7-96a0-c53f-ce54-d5d8c077a8aa" executionId="f8807ead-55f7-40c3-9ccc-c3fd55b8f13b" testListId="8c84fa94-04c1-424b-9868-57a2d4851a1d" />
    <TestEntry testId="7179356a-11ea-06cf-2be5-5134fe9fff94" executionId="5befc42f-144a-4764-a634-695f75cca5cf" testListId="8c84fa94-04c1-424b-9868-57a2d4851a1d" />
    <TestEntry testId="cd14cdcd-5b11-36de-b70a-1983b78ca60b" executionId="947bb552-beb7-4bc8-bc45-482af4a3a413" testListId="8c84fa94-04c1-424b-9868-57a2d4851a1d" />
    <TestEntry testId="f98d45b9-cd1e-2279-1c15-885d0f9768b5" executionId="d9e65e16-9219-4c6e-8322-a963cb78dd33" testListId="8c84fa94-04c1-424b-9868-57a2d4851a1d" />
    <TestEntry testId="2350c248-dc09-31d6-968a-adb1706147b4" executionId="db5238ba-8e5c-4eb6-b551-af904e35b1e3" testListId="8c84fa94-04c1-424b-9868-57a2d4851a1d" />
    <TestEntry testId="6103cffd-6578-ff3d-6621-f1db5a771581" executionId="bbe80ef5-6818-45c8-b27b-16d40d2ac98e" testListId="8c84fa94-04c1-424b-9868-57a2d4851a1d" />
    <TestEntry testId="ab448388-39b8-866f-d2b3-4730b8dea2f4" executionId="dfe224bf-0463-4998-8e9a-1f781f8f88b0" testListId="8c84fa94-04c1-424b-9868-57a2d4851a1d" />
    <TestEntry testId="5e09e745-c4c8-bd56-ffcc-7232381d433f" executionId="b8a4a6cb-4298-423b-ae5a-a99c86ad4b38" testListId="8c84fa94-04c1-424b-9868-57a2d4851a1d" />
    <TestEntry testId="90a4322e-ca04-9578-e046-d7476ddec83d" executionId="364569a3-1940-413e-9f7e-ae1b420b61fc" testListId="8c84fa94-04c1-424b-9868-57a2d4851a1d" />
    <TestEntry testId="8eccce5f-e7a2-d580-f42d-0e56db5c9a8f" executionId="09857a56-3e03-4684-9399-57aa5ef3cda0" testListId="8c84fa94-04c1-424b-9868-57a2d4851a1d" />
    <TestEntry testId="a509b415-7a34-2926-2ac9-9c2a4ca792f1" executionId="45cef98d-bdbb-4923-81c4-41f1adaa2779" testListId="8c84fa94-04c1-424b-9868-57a2d4851a1d" />
    <TestEntry testId="ac0cffaf-9f34-581b-25e3-220747e6735d" executionId="972fb020-031a-4a47-9ad8-080f95ef2b0e" testListId="8c84fa94-04c1-424b-9868-57a2d4851a1d" />
    <TestEntry testId="7a645235-e288-4cc9-6c82-28ac94ecf7c0" executionId="12642945-0644-40c4-b55d-001fd08de95d" testListId="8c84fa94-04c1-424b-9868-57a2d4851a1d" />
    <TestEntry testId="576970ba-53c8-5312-d355-ec628534023d" executionId="1d17fcfb-6bf2-4d44-a6ab-7c2e536f0820" testListId="8c84fa94-04c1-424b-9868-57a2d4851a1d" />
    <TestEntry testId="e4e92790-5359-1360-2c04-ea8ed7cd25c1" executionId="cbc6f262-4371-42a2-96a4-b6de76f9d35e" testListId="8c84fa94-04c1-424b-9868-57a2d4851a1d" />
    <TestEntry testId="7013998d-b542-f763-6ff4-3e6c629ebffb" executionId="6f329908-187f-410d-88b5-3bbcc168c118" testListId="8c84fa94-04c1-424b-9868-57a2d4851a1d" />
    <TestEntry testId="5628be98-33f1-45ff-365b-884f9b0ea074" executionId="d71f5112-6f85-4361-bf17-1b7d9ba4d410" testListId="8c84fa94-04c1-424b-9868-57a2d4851a1d" />
    <TestEntry testId="fc1d5910-7e9b-7443-b065-0bd57d1f5986" executionId="e87891a0-3a9f-4859-9f8b-651b9561f38a" testListId="8c84fa94-04c1-424b-9868-57a2d4851a1d" />
    <TestEntry testId="31d7b34a-f410-3a72-6d1d-ebb16c07315d" executionId="e710e3d4-3fe7-4cab-b5cd-f4db61e134c6" testListId="8c84fa94-04c1-424b-9868-57a2d4851a1d" />
    <TestEntry testId="1863aa0b-a3c8-efec-2092-fb0c0465aa76" executionId="994cd27e-723e-4aee-b4ae-83a0dd8f9e67" testListId="8c84fa94-04c1-424b-9868-57a2d4851a1d" />
    <TestEntry testId="a4e2be12-41fb-cf32-f3a5-1ca9c0c10cfa" executionId="801749ff-87b3-4d68-a58a-19e35c68556a" testListId="8c84fa94-04c1-424b-9868-57a2d4851a1d" />
    <TestEntry testId="ef9cc8ee-d321-d954-5664-aa06c8f31e51" executionId="c5163cea-d064-4f77-8f01-4c9e7827bf35" testListId="8c84fa94-04c1-424b-9868-57a2d4851a1d" />
    <TestEntry testId="806fda81-988d-3e5c-72c9-e603874e90e3" executionId="e2293d68-3a7c-452f-ac95-ae607406931e" testListId="8c84fa94-04c1-424b-9868-57a2d4851a1d" />
    <TestEntry testId="1bf25083-1907-15d8-72a1-9719d6a773fe" executionId="b154e73e-c752-4f56-a02a-075093b66b05" testListId="8c84fa94-04c1-424b-9868-57a2d4851a1d" />
    <TestEntry testId="0b7c5834-5a41-2a24-5d64-e1601888d293" executionId="ccdb7f94-cad7-4e1b-a3ff-5e9e79c725ad" testListId="8c84fa94-04c1-424b-9868-57a2d4851a1d" />
    <TestEntry testId="f28b326a-b226-e3a2-86dc-6cdb6dccfae2" executionId="579e0c12-b8a1-48a9-96e6-2a59e5b936d1" testListId="8c84fa94-04c1-424b-9868-57a2d4851a1d" />
    <TestEntry testId="e906e709-8adb-693f-d4e7-b087f99fdba8" executionId="b0af95d6-79e4-4eb2-ad9a-7239ea7640f7" testListId="8c84fa94-04c1-424b-9868-57a2d4851a1d" />
    <TestEntry testId="274ea5a7-4a0f-3491-7740-0dff0ac324e3" executionId="cda1da80-2253-43a3-8e49-85da99e6fd33" testListId="8c84fa94-04c1-424b-9868-57a2d4851a1d" />
    <TestEntry testId="fd071834-4edf-9839-eeff-2dbe73c459ba" executionId="29b2e902-e545-4297-aa7e-30835098dc61" testListId="8c84fa94-04c1-424b-9868-57a2d4851a1d" />
    <TestEntry testId="a9a1e732-a3a9-917a-46f6-5c35e692478f" executionId="f18a0bc9-7175-43c9-8f42-a249d1274593" testListId="8c84fa94-04c1-424b-9868-57a2d4851a1d" />
    <TestEntry testId="6bc07e25-3029-9b09-44d4-e21139ba89f8" executionId="0cc2b6b6-fcb3-48bc-9232-2af0cfc9779d" testListId="8c84fa94-04c1-424b-9868-57a2d4851a1d" />
    <TestEntry testId="1dee4953-2706-31bc-2323-53f91e6f858d" executionId="b045a8f9-f0ad-4270-a650-a73a995ac84c" testListId="8c84fa94-04c1-424b-9868-57a2d4851a1d" />
    <TestEntry testId="8f17ae6f-6c7f-4eb9-2087-1f8f58bedc63" executionId="8eb4dad6-98df-49d7-ac3c-464719440d77" testListId="8c84fa94-04c1-424b-9868-57a2d4851a1d" />
    <TestEntry testId="452e0919-4d87-09a7-c2f0-6cb58b504592" executionId="bd88a928-f5d2-40ad-8cfa-e008efb09547" testListId="8c84fa94-04c1-424b-9868-57a2d4851a1d" />
    <TestEntry testId="f3542137-ca01-8e47-e030-73a995b74fa2" executionId="085aeb82-468d-4487-9e19-54f577f9c159" testListId="8c84fa94-04c1-424b-9868-57a2d4851a1d" />
    <TestEntry testId="c2c47739-ecc1-5d9d-3a31-3371d0f4759a" executionId="8b086d49-bfa2-486f-9120-45ba552818d1" testListId="8c84fa94-04c1-424b-9868-57a2d4851a1d" />
  </TestEntries>
  <TestLists>
    <TestList name="Results Not in a List" id="8c84fa94-04c1-424b-9868-57a2d4851a1d" />
    <TestList name="All Loaded Results" id="19431567-8539-422a-85d7-44ee4e166bda" />
  </TestLists>
  <ResultSummary outcome="Completed">
    <Counters total="37" executed="37" passed="37" failed="0" error="0" timeout="0" aborted="0" inconclusive="0" passedButRunAborted="0" notRunnable="0" notExecuted="0" disconnected="0" warning="0" completed="0" inProgress="0" pending="0" />
    <Output>
      <StdOut>[xUnit.net 00:00:00.00] xUnit.net VSTest Adapter v2.8.2+699d445a1a (64-bit .NET 10.0.12)&#xD;
[xUnit.net 00:00:00.33]   Discovering: AeroTech.Ordering.Persistence.Tests&#xD;
[xUnit.net 00:00:00.48]   Discovered:  AeroTech.Ordering.Persistence.Tests&#xD;
[xUnit.net 00:00:00.49]   Starting:    AeroTech.Ordering.Persistence.Tests&#xD;
[xUnit.net 00:00:11.72]   Finished:    AeroTech.Ordering.Persistence.Tests&#xD;
</StdOut>
    </Output>
  </ResultSummary>
</TestRun>